Component: ARM Compiler 5.06 update 1 (build 61) Tool: armlink [4d35a8]

==============================================================================

Section Cross References

    main.o(.text) refers to delay.o(.text) for delay_init
    main.o(.text) refers to misc.o(.text) for NVIC_PriorityGroupConfig
    main.o(.text) refers to timer.o(.text) for TIM3_Int_Init
    main.o(.text) refers to usart3.o(.text) for USART3_Init
    main.o(.text) refers to oled_i2c.o(.text) for OLED_Init
    main.o(.text) refers to dht11.o(.text) for DHT11_Init
    main.o(.text) refers to beep.o(.text) for Beep_Init
    main.o(.text) refers to fire.o(.text) for fire_init
    main.o(.text) refers to key.o(.text) for KEY_Init
    main.o(.text) refers to hcsr501.o(.text) for HCSR501_Init
    main.o(.text) refers to relay.o(.text) for RELAY_Init
    main.o(.text) refers to rc522_config.o(.text) for RC522_Init
    main.o(.text) refers to rc522_function.o(.text) for PcdReset
    main.o(.text) refers to uln2003.o(.text) for motor_init
    main.o(.text) refers to led.o(.text) for LED_Init
    main.o(.text) refers to airfan.o(.text) for AIRFAN_Init
    main.o(.text) refers to adc.o(.text) for Adc_Init
    main.o(.text) refers to pwm.o(.text) for WINDOW_TIM3_PWM_INIT
    main.o(.text) refers to hc05.o(.text) for HC05_Init
    main.o(.text) refers to printfa.o(i.__0printf) for __2printf
    main.o(.text) refers to syn6288.o(.text) for SYN_FrameInfo
    main.o(.text) refers to ffltui.o(.text) for __aeabi_ui2f
    main.o(.text) refers to f2d.o(.text) for __aeabi_f2d
    main.o(.text) refers to dmul.o(.text) for __aeabi_dmul
    main.o(.text) refers to d2f.o(.text) for __aeabi_d2f
    main.o(.text) refers to cdrcmple.o(.text) for __aeabi_cdrcmple
    main.o(.text) refers to read_card.o(.text) for IC_test
    main.o(.text) refers to usart2.o(.text) for u2_printf
    main.o(.text) refers to main.o(.data) for warning_mode
    system_stm32f10x.o(.text) refers to system_stm32f10x.o(.data) for SystemCoreClock
    led.o(.text) refers to stm32f10x_rcc.o(.text) for RCC_APB2PeriphClockCmd
    led.o(.text) refers to stm32f10x_gpio.o(.text) for GPIO_Init
    led.o(.text) refers to main.o(.data) for LED_FLAG
    oled_i2c.o(.text) refers to stm32f10x_rcc.o(.text) for RCC_APB1PeriphClockCmd
    oled_i2c.o(.text) refers to stm32f10x_gpio.o(.text) for GPIO_Init
    oled_i2c.o(.text) refers to stm32f10x_i2c.o(.text) for I2C_DeInit
    oled_i2c.o(.text) refers to delay.o(.text) for delay_ms
    oled_i2c.o(.text) refers to oled_i2c.o(.constdata) for F6x8
    oled_i2c.o(.text) refers to oled_i2c.o(.data) for F16x16
    oled_i2c.o(.text) refers to printfa.o(i.__0sprintf) for __2sprintf
    oled_i2c.o(.text) refers to f2d.o(.text) for __aeabi_f2d
    oled_i2c.o(.text) refers to main.o(.data) for temperature
    oled_i2c.o(.text) refers to main.o(.bss) for oled_buffer
    dht11.o(.text) refers to delay.o(.text) for delay_ms
    dht11.o(.text) refers to stm32f10x_rcc.o(.text) for RCC_APB2PeriphClockCmd
    dht11.o(.text) refers to stm32f10x_gpio.o(.text) for GPIO_Init
    adc.o(.text) refers to stm32f10x_rcc.o(.text) for RCC_APB2PeriphClockCmd
    adc.o(.text) refers to stm32f10x_gpio.o(.text) for GPIO_Init
    adc.o(.text) refers to stm32f10x_adc.o(.text) for ADC_DeInit
    adc.o(.text) refers to delay.o(.text) for delay_ms
    beep.o(.text) refers to stm32f10x_rcc.o(.text) for RCC_APB2PeriphClockCmd
    beep.o(.text) refers to stm32f10x_gpio.o(.text) for GPIO_Init
    timer.o(.text) refers to stm32f10x_rcc.o(.text) for RCC_APB1PeriphClockCmd
    timer.o(.text) refers to stm32f10x_tim.o(.text) for TIM_TimeBaseInit
    timer.o(.text) refers to misc.o(.text) for NVIC_Init
    timer.o(.text) refers to main.o(.data) for FLAG
    relay.o(.text) refers to stm32f10x_rcc.o(.text) for RCC_APB2PeriphClockCmd
    relay.o(.text) refers to stm32f10x_gpio.o(.text) for GPIO_Init
    relay.o(.text) refers to main.o(.data) for SOCKET_FLAG
    hc05.o(.text) refers to usart2.o(.text) for USART2_Init
    hc05.o(.text) refers to delay.o(.text) for delay_ms
    hc05.o(.text) refers to printfa.o(i.__0printf) for __2printf
    hc05.o(.text) refers to strcmp.o(.text) for strcmp
    hc05.o(.text) refers to syn6288.o(.text) for SYN_FrameInfo
    hc05.o(.text) refers to usart2.o(.data) for USART2_RX_STA
    hc05.o(.text) refers to usart2.o(.bss) for USART2_RX_BUF
    hc05.o(.text) refers to main.o(.data) for reclen
    usart2.o(.text) refers to stm32f10x_tim.o(.text) for TIM_SetCounter
    usart2.o(.text) refers to stm32f10x_usart.o(.text) for USART_GetITStatus
    usart2.o(.text) refers to stm32f10x_rcc.o(.text) for RCC_APB1PeriphClockCmd
    usart2.o(.text) refers to misc.o(.text) for NVIC_Init
    usart2.o(.text) refers to stm32f10x_dma.o(.text) for DMA_DeInit
    usart2.o(.text) refers to stm32f10x_gpio.o(.text) for GPIO_Init
    usart2.o(.text) refers to printfa.o(i.__0vsprintf) for __c89vsprintf
    usart2.o(.text) refers to strlen.o(.text) for strlen
[...]
    dadd.o(.text) refers to llshl.o(.text) for __aeabi_llsl
    dadd.o(.text) refers to llsshr.o(.text) for __aeabi_lasr
    dadd.o(.text) refers to depilogue.o(.text) for _double_epilogue
    ddiv.o(.text) refers to depilogue.o(.text) for _double_round
    dfixul.o(.text) refers to llushr.o(.text) for __aeabi_llsr
    dfixul.o(.text) refers to llshl.o(.text) for __aeabi_llsl
    init.o(.text) refers to entry5.o(.ARM.Collect$$$$00000004) for __main_after_scatterload


==============================================================================

Removing Unused input sections from the image.

    Removing watchdog.o(.text), (44 bytes).
    Removing sys.o(.emb_text), (6 bytes).
    Removing sys.o(.text), (12 bytes).
    Removing core_cm3.o(.emb_text), (32 bytes).
    Removing startup_stm32f10x_hd.o(HEAP), (512 bytes).
    Removing stm32f10x_bkp.o(.text), (196 bytes).
    Removing stm32f10x_can.o(.text), (2544 bytes).
    Removing stm32f10x_cec.o(.text), (288 bytes).
    Removing stm32f10x_crc.o(.text), (72 bytes).
    Removing stm32f10x_dac.o(.text), (396 bytes).
    Removing stm32f10x_dbgmcu.o(.text), (48 bytes).
    Removing stm32f10x_exti.o(.text), (284 bytes).
    Removing stm32f10x_flash.o(.text), (1468 bytes).
    Removing stm32f10x_fsmc.o(.text), (1548 bytes).
    Removing stm32f10x_iwdg.o(.text), (64 bytes).
    Removing stm32f10x_pwr.o(.text), (204 bytes).
    Removing stm32f10x_rtc.o(.text), (328 bytes).
    Removing stm32f10x_sdio.o(.text), (468 bytes).
    Removing stm32f10x_spi.o(.text), (780 bytes).
    Removing stm32f10x_wwdg.o(.text), (136 bytes).

20 unused section(s) (total 9430 bytes) removed from the image.

==============================================================================

Image Symbol Table

    Local Symbols

    Symbol Name                              Value     Ov Type        Size  Object(Section)

    ../clib/../cmprslib/zerorunl2.c          0x00000000   Number         0  __dczerorl2.o ABSOLUTE
    ../clib/microlib/division.c              0x00000000   Number         0  uldiv.o ABSOLUTE
    ../clib/microlib/division.c              0x00000000   Number         0  uidiv.o ABSOLUTE
    ../clib/microlib/init/entry.s            0x00000000   Number         0  entry.o ABSOLUTE
    ../clib/microlib/init/entry.s            0x00000000   Number         0  entry2.o ABSOLUTE
    ../clib/microlib/init/entry.s            0x00000000   Number         0  entry5.o ABSOLUTE
    ../clib/microlib/init/entry.s            0x00000000   Number         0  entry7a.o ABSOLUTE
    ../clib/microlib/init/entry.s            0x00000000   Number         0  entry7b.o ABSOLUTE
    ../clib/microlib/init/entry.s            0x00000000   Number         0  entry8a.o ABSOLUTE
    ../clib/microlib/init/entry.s            0x00000000   Number         0  entry8b.o ABSOLUTE
    ../clib/microlib/init/entry.s            0x00000000   Number         0  entry9a.o ABSOLUTE
    ../clib/microlib/init/entry.s            0x00000000   Number         0  entry9b.o ABSOLUTE
    ../clib/microlib/init/entry.s            0x00000000   Number         0  entry10a.o ABSOLUTE
    ../clib/microlib/init/entry.s            0x00000000   Number         0  entry10b.o ABSOLUTE
    ../clib/microlib/init/entry.s            0x00000000   Number         0  entry11b.o ABSOLUTE
    ../clib/microlib/init/entry.s            0x00000000   Number         0  entry11a.o ABSOLUTE
    ../clib/microlib/longlong.c              0x00000000   Number         0  llsshr.o ABSOLUTE
    ../clib/microlib/longlong.c              0x00000000   Number         0  llushr.o ABSOLUTE
    ../clib/microlib/longlong.c              0x00000000   Number         0  llshl.o ABSOLUTE
    ../clib/microlib/printf/printf.c         0x00000000   Number         0  printfa.o ABSOLUTE
    ../clib/microlib/printf/printf.c         0x00000000   Number         0  printfb.o ABSOLUTE
    ../clib/microlib/printf/printf.c         0x00000000   Number         0  printf8.o ABSOLUTE
    ../clib/microlib/printf/printf.c         0x00000000   Number         0  printf1.o ABSOLUTE
    ../clib/microlib/printf/printf.c         0x00000000   Number         0  printf7.o ABSOLUTE
    ../clib/microlib/printf/printf.c         0x00000000   Number         0  printf6.o ABSOLUTE
    ../clib/microlib/printf/printf.c         0x00000000   Number         0  printf5.o ABSOLUTE
    ../clib/microlib/printf/printf.c         0x00000000   Number         0  printf4.o ABSOLUTE
    ../clib/microlib/printf/printf.c         0x00000000   Number         0  printf3.o ABSOLUTE
    ../clib/microlib/printf/printf.c         0x00000000   Number         0  printf2.o ABSOLUTE
    ../clib/microlib/printf/printf.c         0x00000000   Number         0  printf0.o ABSOLUTE
    ../clib/microlib/printf/stubs.s          0x00000000   Number         0  stubs.o ABSOLUTE
    ../clib/microlib/stdio/streams.c         0x00000000   Number         0  stdout.o ABSOLUTE
    ../clib/microlib/string/memcpy.c         0x00000000   Number         0  memcpyb.o ABSOLUTE
    ../clib/microlib/string/memcpy.c         0x00000000   Number         0  memcpya.o ABSOLUTE
    ../clib/microlib/string/strcmp.c         0x00000000   Number         0  strcmp.o ABSOLUTE
    ../clib/microlib/string/strlen.c         0x00000000   Number         0  strlen.o ABSOLUTE
    ../clib/microlib/stubs.s                 0x00000000   Number         0  useno.o ABSOLUTE
    ../clib/microlib/stubs.s                 0x00000000   Number         0  iusefp.o ABSOLUTE
    ../fplib/microlib/d2f.c                  0x00000000   Number         0  d2f.o ABSOLUTE
    ../fplib/microlib/f2d.c                  0x00000000   Number         0  f2d.o ABSOLUTE
    ../fplib/microlib/fpadd.c                0x00000000   Number         0  dadd.o ABSOLUTE
    ../fplib/microlib/fpdiv.c                0x00000000   Number         0  ddiv.o ABSOLUTE
    ../fplib/microlib/fpepilogue.c           0x00000000   Number         0  depilogue.o ABSOLUTE
    ../fplib/microlib/fpepilogue.c           0x00000000   Number         0  fepilogue.o ABSOLUTE
    ../fplib/microlib/fpfix.c                0x00000000   Number         0  dfixul.o ABSOLUTE
    ../fplib/microlib/fpflt.c                0x00000000   Number         0  ffltui.o ABSOLUTE
    ../fplib/microlib/fpmul.c                0x00000000   Number         0  dmul.o ABSOLUTE
    ..\CORE\core_cm3.c                       0x00000000   Number         0  core_cm3.o ABSOLUTE
    ..\CORE\startup_stm32f10x_hd.s           0x00000000   Number         0  startup_stm32f10x_hd.o ABSOLUTE
    ..\HARDWARE\ADC\adc.c                    0x00000000   Number         0  adc.o ABSOLUTE
    ..\HARDWARE\AIRFAN\airfan.c              0x00000000   Number         0  airfan.o ABSOLUTE
    ..\HARDWARE\BEEP\BEEP.c                  0x00000000   Number         0  beep.o ABSOLUTE
    ..\HARDWARE\DHT11\dht11.c                0x00000000   Number         0  dht11.o ABSOLUTE
    ..\HARDWARE\FIRE\fire.c                  0x00000000   Number         0  fire.o ABSOLUTE
    ..\HARDWARE\HC05\hc05.c                  0x00000000   Number         0  hc05.o ABSOLUTE
    ..\HARDWARE\HCSR501\hcsr501.c            0x00000000   Number         0  hcsr501.o ABSOLUTE
    ..\HARDWARE\KEY\key.c                    0x00000000   Number         0  key.o ABSOLUTE
    ..\HARDWARE\LED\led.c                    0x00000000   Number         0  led.o ABSOLUTE
    ..\HARDWARE\OLED\OLED_I2C.c              0x00000000   Number         0  oled_i2c.o ABSOLUTE
    ..\HARDWARE\PWM\pwm.c                    0x00000000   Number         0  pwm.o ABSOLUTE
    ..\HARDWARE\RC522\rc522_config\rc522_config.c 0x00000000   Number         0  rc522_config.o ABSOLUTE
    ..\HARDWARE\RC522\rc522_function\rc522_function.c 0x00000000   Number         0  rc522_function.o ABSOLUTE
    ..\HARDWARE\RC522\read_card\read_card.c  0x00000000   Number         0  read_card.o ABSOLUTE
    ..\HARDWARE\RELAY\RELAY.C                0x00000000   Number         0  relay.o ABSOLUTE
    ..\HARDWARE\SYN6288\syn6288.c            0x00000000   Number         0  syn6288.o ABSOLUTE
    ..\HARDWARE\TIMER\timer.c                0x00000000   Number         0  timer.o ABSOLUTE
    ..\HARDWARE\TIMER\watchdog.c             0x00000000   Number         0  watchdog.o ABSOLUTE
    ..\HARDWARE\ULN2003\ULN2003.c            0x00000000   Number         0  uln2003.o ABSOLUTE
    ..\HARDWARE\USART2\usart2.c              0x00000000   Number         0  usart2.o ABSOLUTE
    ..\HARDWARE\usart3\usart3.c              0x00000000   Number         0  usart3.o ABSOLUTE
    ..\STM32F10x_FWLib\src\misc.c            0x00000000   Number         0  misc.o ABSOLUTE
    ..\STM32F10x_FWLib\src\stm32f10x_adc.c   0x00000000   Number         0  stm32f10x_adc.o ABSOLUTE
    ..\STM32F10x_FWLib\src\stm32f10x_bkp.c   0x00000000   Number         0  stm32f10x_bkp.o ABSOLUTE
    ..\STM32F10x_FWLib\src\stm32f10x_can.c   0x00000000   Number         0  stm32f10x_can.o ABSOLUTE
    ..\STM32F10x_FWLib\src\stm32f10x_cec.c   0x00000000   Number         0  stm32f10x_cec.o ABSOLUTE
    ..\STM32F10x_FWLib\src\stm32f10x_crc.c   0x00000000   Number         0  stm32f10x_crc.o ABSOLUTE
    ..\STM32F10x_FWLib\src\stm32f10x_dac.c   0x00000000   Number         0  stm32f10x_dac.o ABSOLUTE
    ..\STM32F10x_FWLib\src\stm32f10x_dbgmcu.c 0x00000000   Number         0  stm32f10x_dbgmcu.o ABSOLUTE
    ..\STM32F10x_FWLib\src\stm32f10x_dma.c   0x00000000   Number         0  stm32f10x_dma.o ABSOLUTE
    ..\STM32F10x_FWLib\src\stm32f10x_exti.c  0x00000000   Number         0  stm32f10x_exti.o ABSOLUTE
    ..\STM32F10x_FWLib\src\stm32f10x_flash.c 0x00000000   Number         0  stm32f10x_flash.o ABSOLUTE
    ..\STM32F10x_FWLib\src\stm32f10x_fsmc.c  0x00000000   Number         0  stm32f10x_fsmc.o ABSOLUTE
    ..\STM32F10x_FWLib\src\stm32f10x_gpio.c  0x00000000   Number         0  stm32f10x_gpio.o ABSOLUTE
    ..\STM32F10x_FWLib\src\stm32f10x_i2c.c   0x00000000   Number         0  stm32f10x_i2c.o ABSOLUTE
    ..\STM32F10x_FWLib\src\stm32f10x_iwdg.c  0x00000000   Number         0  stm32f10x_iwdg.o ABSOLUTE
    ..\STM32F10x_FWLib\src\stm32f10x_pwr.c   0x00000000   Number         0  stm32f10x_pwr.o ABSOLUTE
    ..\STM32F10x_FWLib\src\stm32f10x_rcc.c   0x00000000   Number         0  stm32f10x_rcc.o ABSOLUTE
    ..\STM32F10x_FWLib\src\stm32f10x_rtc.c   0x00000000   Number         0  stm32f10x_rtc.o ABSOLUTE
    ..\STM32F10x_FWLib\src\stm32f10x_sdio.c  0x00000000   Number         0  stm32f10x_sdio.o ABSOLUTE
    ..\STM32F10x_FWLib\src\stm32f10x_spi.c   0x00000000   Number         0  stm32f10x_spi.o ABSOLUTE
    ..\STM32F10x_FWLib\src\stm32f10x_tim.c   0x00000000   Number         0  stm32f10x_tim.o ABSOLUTE
    ..\STM32F10x_FWLib\src\stm32f10x_usart.c 0x00000000   Number         0  stm32f10x_usart.o ABSOLUTE
    ..\STM32F10x_FWLib\src\stm32f10x_wwdg.c  0x00000000   Number         0  stm32f10x_wwdg.o ABSOLUTE
    ..\SYSTEM\delay\delay.c                  0x00000000   Number         0  delay.o ABSOLUTE
    ..\SYSTEM\sys\sys.c                      0x00000000   Number         0  sys.o ABSOLUTE
    ..\\CORE\\core_cm3.c                     0x00000000   Number         0  core_cm3.o ABSOLUTE
    ..\\SYSTEM\\sys\\sys.c                   0x00000000   Number         0  sys.o ABSOLUTE
    cdrcmple.s                               0x00000000   Number         0  cdrcmple.o ABSOLUTE
    dc.s                                     0x00000000   Number         0  dc.o ABSOLUTE
    handlers.s                               0x00000000   Number         0  handlers.o ABSOLUTE
    init.s                                   0x00000000   Number         0  init.o ABSOLUTE
    main.c                                   0x00000000   Number         0  main.o ABSOLUTE
    stm32f10x_it.c                           0x00000000   Number         0  stm32f10x_it.o ABSOLUTE
    system_stm32f10x.c                       0x00000000   Number         0  system_stm32f10x.o ABSOLUTE
    RESET                                    0x08000000   Section      304  startup_stm32f10x_hd.o(RESET)
    .ARM.Collect$$$$00000000                 0x08000130   Section        0  entry.o(.ARM.Collect$$$$00000000)
    .ARM.Collect$$$$00000001                 0x08000130   Section        4  entry2.o(.ARM.Collect$$$$00000001)
    .ARM.Collect$$$$00000004                 0x08000134   Section        4  entry5.o(.ARM.Collect$$$$00000004)
    .ARM.Collect$$$$00000008                 0x08000138   Section        0  entry7b.o(.ARM.Collect$$$$00000008)
    .ARM.Collect$$$$0000000A                 0x08000138   Section        0  entry8b.o(.ARM.Collect$$$$0000000A)
    .ARM.Collect$$$$0000000B                 0x08000138   Section        8  entry9a.o(.ARM.Collect$$$$0000000B)
    .ARM.Collect$$$$0000000D                 0x08000140   Section        0  entry10a.o(.ARM.Collect$$$$0000000D)
    .ARM.Collect$$$$0000000F                 0x08000140   Section        0  entry11a.o(.ARM.Collect$$$$0000000F)
    .ARM.Collect$$$$00002712                 0x08000140   Section        4  entry2.o(.ARM.Collect$$$$00002712)
    __lit__00000000                          0x08000140   Data           4  entry2.o(.ARM.Collect$$$$00002712)
    .text                                    0x08000144   Section        0  main.o(.text)
    .text                                    0x08000390   Section        0  stm32f10x_it.o(.text)
    .text                                    0x080003ac   Section        0  system_stm32f10x.o(.text)
    SetSysClockTo72                          0x080003ad   Thumb Code   214  system_stm32f10x.o(.text)
    SetSysClock                              0x08000483   Thumb Code     8  system_stm32f10x.o(.text)
    .text                                    0x0800058c   Section        0  led.o(.text)
    .text                                    0x08000610   Section        0  oled_i2c.o(.text)
    .text                                    0x08000d04   Section        0  dht11.o(.text)
    .text                                    0x08000e9c   Section        0  adc.o(.text)
    .text                                    0x08000f84   Section        0  beep.o(.text)
    .text                                    0x08000fbc   Section        0  timer.o(.text)
    .text                                    0x08001050   Section        0  relay.o(.text)
    .text                                    0x080010a4   Section        0  hc05.o(.text)
    .text                                    0x0800159c   Section        0  usart2.o(.text)
    .text                                    0x08001810   Section        0  pwm.o(.text)
    .text                                    0x08001968   Section        0  airfan.o(.text)
    .text                                    0x080019bc   Section        0  hcsr501.o(.text)
    .text                                    0x08001a28   Section        0  key.o(.text)
    .text                                    0x08001ae0   Section        0  syn6288.o(.text)
    .text                                    0x08001b70   Section        0  usart3.o(.text)
    .text                                    0x08002094   Section        0  uln2003.o(.text)
    .text                                    0x0800225c   Section        0  rc522_config.o(.text)
    RC522_SPI_Config                         0x0800225d   Thumb Code   168  rc522_config.o(.text)
    .text                                    0x08002324   Section        0  rc522_function.o(.text)
    .text                                    0x080029f8   Section        0  read_card.o(.text)
    .text                                    0x08002b50   Section        0  fire.o(.text)
    .text                                    0x08002bb8   Section        0  delay.o(.text)
    .text                                    0x08002c8c   Section       36  startup_stm32f10x_hd.o(.text)
    .text                                    0x08002cb0   Section        0  stm32f10x_gpio.o(.text)
    .text                                    0x0800300c   Section        0  stm32f10x_rcc.o(.text)
    .text                                    0x080033b0   Section        0  stm32f10x_usart.o(.text)
    .text                                    0x080037b8   Section        0  misc.o(.text)
    .text                                    0x08003894   Section        0  stm32f10x_i2c.o(.text)
    .text                                    0x08003c98   Section        0  stm32f10x_adc.o(.text)
    .text                                    0x080040e8   Section        0  stm32f10x_dma.o(.text)
    .text                                    0x0800433c   Section        0  stm32f10x_tim.o(.text)
    TI4_Config                               0x080047e3   Thumb Code   130  stm32f10x_tim.o(.text)
    TI3_Config                               0x08004877   Thumb Code   122  stm32f10x_tim.o(.text)
    TI2_Config                               0x0800490b   Thumb Code   130  stm32f10x_tim.o(.text)
    TI1_Config                               0x0800499f   Thumb Code   108  stm32f10x_tim.o(.text)
    .text                                    0x08005156   Section        0  memcpya.o(.text)
    .text                                    0x0800517a   Section        0  strlen.o(.text)
    .text                                    0x08005188   Section        0  strcmp.o(.text)
    .text                                    0x080051a4   Section        0  dmul.o(.text)
    .text                                    0x08005288   Section        0  ffltui.o(.text)
    .text                                    0x08005292   Section        0  f2d.o(.text)
    .text                                    0x080052b8   Section       48  cdrcmple.o(.text)
    .text                                    0x080052e8   Section        0  d2f.o(.text)
    .text                                    0x08005320   Section        0  uidiv.o(.text)
    .text                                    0x0800534c   Section        0  uldiv.o(.text)
    .text                                    0x080053ae   Section        0  fepilogue.o(.text)
    .text                                    0x080053ae   Section        0  iusefp.o(.text)
    .text                                    0x0800541c   Section        0  depilogue.o(.text)
    .text                                    0x080054d6   Section        0  dadd.o(.text)
    .text                                    0x08005624   Section        0  ddiv.o(.text)
    .text                                    0x08005702   Section        0  dfixul.o(.text)
    .text                                    0x08005734   Section       36  init.o(.text)
    .text                                    0x08005758   Section        0  llshl.o(.text)
    .text                                    0x08005776   Section        0  llushr.o(.text)
    .text                                    0x08005796   Section        0  llsshr.o(.text)
    .text                                    0x080057ba   Section        0  __dczerorl2.o(.text)
    i.__0printf                              0x08005810   Section        0  printfa.o(i.__0printf)
    i.__0sprintf                             0x08005830   Section        0  printfa.o(i.__0sprintf)
    i.__0vsprintf                            0x08005858   Section        0  printfa.o(i.__0vsprintf)
    i.__scatterload_copy                     0x0800587c   Section       14  handlers.o(i.__scatterload_copy)
    i.__scatterload_null                     0x0800588a   Section        2  handlers.o(i.__scatterload_null)
    i.__scatterload_zeroinit                 0x0800588c   Section       14  handlers.o(i.__scatterload_zeroinit)
    i._fp_digits                             0x0800589c   Section        0  printfa.o(i._fp_digits)
    _fp_digits                               0x0800589d   Thumb Code   334  printfa.o(i._fp_digits)
    i._printf_core                           0x08005a00   Section        0  printfa.o(i._printf_core)
    _printf_core                             0x08005a01   Thumb Code  1744  printfa.o(i._printf_core)
    i._printf_post_padding                   0x080060dc   Section        0  printfa.o(i._printf_post_padding)
    _printf_post_padding                     0x080060dd   Thumb Code    36  printfa.o(i._printf_post_padding)
    i._printf_pre_padding                    0x08006100   Section        0  printfa.o(i._printf_pre_padding)
    _printf_pre_padding                      0x08006101   Thumb Code    46  printfa.o(i._printf_pre_padding)
    i._sputc                                 0x0800612e   Section        0  printfa.o(i._sputc)
    _sputc                                   0x0800612f   Thumb Code    10  printfa.o(i._sputc)
    .constdata                               0x08006138   Section     2072  oled_i2c.o(.constdata)
    .data                                    0x20000000   Section       25  main.o(.data)
    .data                                    0x2000001c   Section       20  system_stm32f10x.o(.data)
    .data                                    0x20000030   Section     1664  oled_i2c.o(.data)
    .data                                    0x200006b0   Section        2  usart2.o(.data)
    .data                                    0x200006b2   Section        1  key.o(.data)
    key_up                                   0x200006b2   Data           1  key.o(.data)
    .data                                    0x200006b4   Section        4  usart3.o(.data)
    .data                                    0x200006b8   Section       11  read_card.o(.data)
    .data                                    0x200006c4   Section        4  delay.o(.data)
    fac_us                                   0x200006c4   Data           1  delay.o(.data)
    fac_ms                                   0x200006c6   Data           2  delay.o(.data)
    .data                                    0x200006c8   Section       20  stm32f10x_rcc.o(.data)
    APBAHBPrescTable                         0x200006c8   Data          16  stm32f10x_rcc.o(.data)
    ADCPrescTable                            0x200006d8   Data           4  stm32f10x_rcc.o(.data)
    .data                                    0x200006dc   Section        4  stdout.o(.data)
    .bss                                     0x200006e0   Section       50  main.o(.bss)
    .bss                                     0x20000718   Section      400  usart2.o(.bss)
    .bss                                     0x200008a8   Section      200  usart3.o(.bss)
    STACK                                    0x20000970   Section     1024  startup_stm32f10x_hd.o(STACK)

    Global Symbols

    Symbol Name                              Value     Ov Type        Size  Object(Section)

    BuildAttributes$$THM_ISAv4$P$D$K$B$S$PE$A:L22UL41UL21$X:L11$S22US41US21$IEEE1$IW$USESV6$~STKCKD$USESV7$~SHL$OTIME$ROPI$EBA8$MICROLIB$REQ8$PRES8$EABIv2 0x00000000   Number         0  anon$$obj.o ABSOLUTE
    __ARM_use_no_argv                        0x00000000   Number         0  main.o ABSOLUTE
    __use_no_errno                           0x00000000   Number         0  useno.o ABSOLUTE
    __use_no_exception_handling              0x00000000   Number         0  useno.o ABSOLUTE
    __use_no_fp                              0x00000000   Number         0  useno.o ABSOLUTE
    __use_no_heap                            0x00000000   Number         0  useno.o ABSOLUTE
    __use_no_heap_region                     0x00000000   Number         0  useno.o ABSOLUTE
    __use_no_semihosting                     0x00000000   Number         0  useno.o ABSOLUTE
    __use_no_semihosting_swi                 0x00000000   Number         0  useno.o ABSOLUTE
    __use_no_signal_handling                 0x00000000   Number         0  useno.o ABSOLUTE
    _printf_a                                0x00000000   Number         0  stubs.o ABSOLUTE
    _printf_c                                0x00000000   Number         0  stubs.o ABSOLUTE
    _printf_charcount                        0x00000000   Number         0  stubs.o ABSOLUTE
    _printf_d                                0x00000000   Number         0  stubs.o ABSOLUTE
    _printf_e                                0x00000000   Number         0  stubs.o ABSOLUTE
    _printf_f                                0x00000000   Number         0  stubs.o ABSOLUTE
    _printf_flags                            0x00000000   Number         0  stubs.o ABSOLUTE
    _printf_fp_dec                           0x00000000   Number         0  stubs.o ABSOLUTE
    _printf_fp_hex                           0x00000000   Number         0  stubs.o ABSOLUTE
    _printf_g                                0x00000000   Number         0  stubs.o ABSOLUTE
    _printf_i                                0x00000000   Number         0  stubs.o ABSOLUTE
    _printf_int_dec                          0x00000000   Number         0  stubs.o ABSOLUTE
    _printf_l                                0x00000000   Number         0  stubs.o ABSOLUTE
    _printf_lc                               0x00000000   Number         0  stubs.o ABSOLUTE
    _printf_ll                               0x00000000   Number         0  stubs.o ABSOLUTE
    _printf_lld                              0x00000000   Number         0  stubs.o ABSOLUTE
    _printf_lli                              0x00000000   Number         0  stubs.o ABSOLUTE
    _printf_llo                              0x00000000   Number         0  stubs.o ABSOLUTE
    _printf_llu                              0x00000000   Number         0  stubs.o ABSOLUTE
    _printf_llx                              0x00000000   Number         0  stubs.o ABSOLUTE
    _printf_longlong_dec                     0x00000000   Number         0  stubs.o ABSOLUTE
    _printf_longlong_hex                     0x00000000   Number         0  stubs.o ABSOLUTE
    _printf_longlong_oct                     0x00000000   Number         0  stubs.o ABSOLUTE
    _printf_ls                               0x00000000   Number         0  stubs.o ABSOLUTE
    _printf_mbtowc                           0x00000000   Number         0  stubs.o ABSOLUTE
    _printf_n                                0x00000000   Number         0  stubs.o ABSOLUTE
    _printf_o                                0x00000000   Number         0  stubs.o ABSOLUTE
    _printf_p                                0x00000000   Number         0  stubs.o ABSOLUTE
    _printf_percent                          0x00000000   Number         0  stubs.o ABSOLUTE
    _printf_pre_padding                      0x00000000   Number         0  stubs.o ABSOLUTE
    _printf_return_value                     0x00000000   Number         0  stubs.o ABSOLUTE
    _printf_s                                0x00000000   Number         0  stubs.o ABSOLUTE
    _printf_sizespec                         0x00000000   Number         0  stubs.o ABSOLUTE
    _printf_str                              0x00000000   Number         0  stubs.o ABSOLUTE
    _printf_truncate_signed                  0x00000000   Number         0  stubs.o ABSOLUTE
    _printf_truncate_unsigned                0x00000000   Number         0  stubs.o ABSOLUTE
    _printf_u                                0x00000000   Number         0  stubs.o ABSOLUTE
    _printf_wc                               0x00000000   Number         0  stubs.o ABSOLUTE
    _printf_wctomb                           0x00000000   Number         0  stubs.o ABSOLUTE
    _printf_widthprec                        0x00000000   Number         0  stubs.o ABSOLUTE
    _printf_x                                0x00000000   Number         0  stubs.o ABSOLUTE
    __cpp_initialize__aeabi_                  - Undefined Weak Reference
    __cxa_finalize                            - Undefined Weak Reference
    _clock_init                               - Undefined Weak Reference
    _microlib_exit                            - Undefined Weak Reference
    __Vectors_Size                           0x00000130   Number         0  startup_stm32f10x_hd.o ABSOLUTE
    __Vectors                                0x08000000   Data           4  startup_stm32f10x_hd.o(RESET)
    __Vectors_End                            0x08000130   Data           0  startup_stm32f10x_hd.o(RESET)
    __main                                   0x08000131   Thumb Code     0  entry.o(.ARM.Collect$$$$00000000)
    _main_stk                                0x08000131   Thumb Code     0  entry2.o(.ARM.Collect$$$$00000001)
    _main_scatterload                        0x08000135   Thumb Code     0  entry5.o(.ARM.Collect$$$$00000004)
    __main_after_scatterload                 0x08000139   Thumb Code     0  entry5.o(.ARM.Collect$$$$00000004)
    _main_clock                              0x08000139   Thumb Code     0  entry7b.o(.ARM.Collect$$$$00000008)
    _main_cpp_init                           0x08000139   Thumb Code     0  entry8b.o(.ARM.Collect$$$$0000000A)
    _main_init                               0x08000139   Thumb Code     0  entry9a.o(.ARM.Collect$$$$0000000B)
    __rt_final_cpp                           0x08000141   Thumb Code     0  entry10a.o(.ARM.Collect$$$$0000000D)
    __rt_final_exit                          0x08000141   Thumb Code     0  entry11a.o(.ARM.Collect$$$$0000000F)
    main                                     0x08000145   Thumb Code   412  main.o(.text)
    NMI_Handler                              0x08000391   Thumb Code     2  stm32f10x_it.o(.text)
    HardFault_Handler                        0x08000393   Thumb Code     4  stm32f10x_it.o(.text)
    MemManage_Handler                        0x08000397   Thumb Code     4  stm32f10x_it.o(.text)
    BusFault_Handler                         0x0800039b   Thumb Code     4  stm32f10x_it.o(.text)
    UsageFault_Handler                       0x0800039f   Thumb Code     4  stm32f10x_it.o(.text)
    SVC_Handler                              0x080003a3   Thumb Code     2  stm32f10x_it.o(.text)
    DebugMon_Handler                         0x080003a5   Thumb Code     2  stm32f10x_it.o(.text)
    PendSV_Handler                           0x080003a7   Thumb Code     2  stm32f10x_it.o(.text)
    SysTick_Handler                          0x080003a9   Thumb Code     2  stm32f10x_it.o(.text)
    SystemInit                               0x0800048b   Thumb Code    78  system_stm32f10x.o(.text)
    SystemCoreClockUpdate                    0x080004d9   Thumb Code   142  system_stm32f10x.o(.text)
    LED_Init                                 0x0800058d   Thumb Code    92  led.o(.text)
    led_control                              0x080005e9   Thumb Code    22  led.o(.text)
    I2C_Configuration                        0x08000611   Thumb Code   110  oled_i2c.o(.text)
    I2C_WriteByte                            0x0800067f   Thumb Code   126  oled_i2c.o(.text)
    WriteCmd                                 0x080006fd   Thumb Code    14  oled_i2c.o(.text)
    WriteDat                                 0x0800070b   Thumb Code    14  oled_i2c.o(.text)
    OLED_Init                                0x08000719   Thumb Code   182  oled_i2c.o(.text)
    OLED_SetPos                              0x080007cf   Thumb Code    40  oled_i2c.o(.text)
    OLED_Fill                                0x080007f7   Thumb Code    58  oled_i2c.o(.text)
    OLED_CLS                                 0x08000831   Thumb Code    10  oled_i2c.o(.text)
    OLED_ON                                  0x0800083b   Thumb Code    22  oled_i2c.o(.text)
    OLED_OFF                                 0x08000851   Thumb Code    22  oled_i2c.o(.text)
    OLED_ShowStr                             0x08000867   Thumb Code   228  oled_i2c.o(.text)
    OLED_ShowCN                              0x0800094b   Thumb Code    80  oled_i2c.o(.text)
    OLED_DrawBMP                             0x0800099b   Thumb Code   116  oled_i2c.o(.text)
    oled_pow                                 0x08000a0f   Thumb Code    56  oled_i2c.o(.text)
    show_display                             0x08000a47   Thumb Code   370  oled_i2c.o(.text)
    show_warning                             0x08000bb9   Thumb Code    98  oled_i2c.o(.text)
    DHT11_Rst                                0x08000d05   Thumb Code    52  dht11.o(.text)
    DHT11_Check                              0x08000d39   Thumb Code    96  dht11.o(.text)
    DHT11_Read_Bit                           0x08000d99   Thumb Code    76  dht11.o(.text)
    DHT11_Read_Byte                          0x08000de5   Thumb Code    30  dht11.o(.text)
    DHT11_Read_Data                          0x08000e03   Thumb Code    88  dht11.o(.text)
    DHT11_Init                               0x08000e5b   Thumb Code    54  dht11.o(.text)
    Adc_Init                                 0x08000e9d   Thumb Code   132  adc.o(.text)
    Get_Adc                                  0x08000f21   Thumb Code    46  adc.o(.text)
    Get_Adc_Average                          0x08000f4f   Thumb Code    46  adc.o(.text)
    Beep_Init                                0x08000f85   Thumb Code    50  beep.o(.text)
    TIM3_Int_Init                            0x08000fbd   Thumb Code    90  timer.o(.text)
    TIM3_IRQHandler                          0x08001017   Thumb Code    44  timer.o(.text)
    RELAY_Init                               0x08001051   Thumb Code    50  relay.o(.text)
    realy_control                            0x08001083   Thumb Code    22  relay.o(.text)
    HC05_Init                                0x080010a5   Thumb Code   138  hc05.o(.text)
    HC05_Get_Role                            0x0800112f   Thumb Code   124  hc05.o(.text)
    HC05_Set_Cmd                             0x080011ab   Thumb Code   128  hc05.o(.text)
    HC05_CFG_CMD                             0x0800122b   Thumb Code    94  hc05.o(.text)
    HC05_control                             0x08001289   Thumb Code   376  hc05.o(.text)
    TIM4_Set                                 0x0800159d   Thumb Code    34  usart2.o(.text)
    USART2_IRQHandler                        0x080015bf   Thumb Code    82  usart2.o(.text)
    TIM4_Init                                0x08001611   Thumb Code    82  usart2.o(.text)
    UART_DMA_Config                          0x08001663   Thumb Code    72  usart2.o(.text)
    USART2_Init                              0x080016ab   Thumb Code   202  usart2.o(.text)
    UART_DMA_Enable                          0x08001775   Thumb Code    32  usart2.o(.text)
    u2_printf                                0x08001795   Thumb Code    56  usart2.o(.text)
    TIM4_IRQHandler                          0x080017cd   Thumb Code    40  usart2.o(.text)
    WINDOW_TIM3_PWM_INIT                     0x08001811   Thumb Code   196  pwm.o(.text)
    door_control                             0x080018d5   Thumb Code    30  pwm.o(.text)
    WIN_contorl                              0x080018f3   Thumb Code    30  pwm.o(.text)
    WINDOW_control                           0x08001911   Thumb Code    60  pwm.o(.text)
    AIRFAN_Init                              0x08001969   Thumb Code    50  airfan.o(.text)
    AIRFAN_control                           0x0800199b   Thumb Code    22  airfan.o(.text)
    HCSR501_Init                             0x080019bd   Thumb Code    38  hcsr501.o(.text)
    HCSR501_control                          0x080019e3   Thumb Code    52  hcsr501.o(.text)
    KEY_Init                                 0x08001a29   Thumb Code    42  key.o(.text)
    KEY_Scan                                 0x08001a53   Thumb Code    80  key.o(.text)
    KEY_control                              0x08001aa3   Thumb Code    46  key.o(.text)
    SYN_FrameInfo                            0x08001ae1   Thumb Code   122  syn6288.o(.text)
    YS_SYN_Set                               0x08001b5b   Thumb Code    22  syn6288.o(.text)
    _sys_exit                                0x08001b71   Thumb Code     4  usart3.o(.text)
    fputc                                    0x08001b75   Thumb Code    24  usart3.o(.text)
    _ttywrch                                 0x08001b8d   Thumb Code     6  usart3.o(.text)
    USART3_SendData                          0x08001b93   Thumb Code    22  usart3.o(.text)
    USART3_SendString                        0x08001ba9   Thumb Code    28  usart3.o(.text)
    uart1_init                               0x08001bc5   Thumb Code   152  usart3.o(.text)
    USART3_Init                              0x08001c5d   Thumb Code   190  usart3.o(.text)
    USART1_IRQHandler                        0x08001d1b   Thumb Code   412  usart3.o(.text)
    USART3_IRQHandler                        0x08001eb7   Thumb Code    94  usart3.o(.text)
    motor_init                               0x08002095   Thumb Code    70  uln2003.o(.text)
    motor_forward                            0x080020db   Thumb Code   170  uln2003.o(.text)
    motor_backward                           0x08002185   Thumb Code   170  uln2003.o(.text)
    motor_stop                               0x0800222f   Thumb Code    42  uln2003.o(.text)
    RC522_Init                               0x08002305   Thumb Code    24  rc522_config.o(.text)
    SPI_RC522_SendByte                       0x08002325   Thumb Code    80  rc522_function.o(.text)
    SPI_RC522_ReadByte                       0x08002375   Thumb Code    72  rc522_function.o(.text)
    ReadRawRC                                0x080023bd   Thumb Code    46  rc522_function.o(.text)
    WriteRawRC                               0x080023eb   Thumb Code    42  rc522_function.o(.text)
    SetBitMask                               0x08002415   Thumb Code    26  rc522_function.o(.text)
    ClearBitMask                             0x0800242f   Thumb Code    26  rc522_function.o(.text)
    PcdAntennaOn                             0x08002449   Thumb Code    26  rc522_function.o(.text)
    PcdAntennaOff                            0x08002463   Thumb Code    12  rc522_function.o(.text)
    PcdReset                                 0x0800246f   Thumb Code   124  rc522_function.o(.text)
    M500PcdConfigISOType                     0x080024eb   Thumb Code    84  rc522_function.o(.text)
    PcdComMF522                              0x0800253f   Thumb Code   306  rc522_function.o(.text)
    PcdRequest                               0x08002671   Thumb Code    86  rc522_function.o(.text)
    PcdAnticoll                              0x080026c7   Thumb Code   124  rc522_function.o(.text)
    CalulateCRC                              0x08002743   Thumb Code   108  rc522_function.o(.text)
    PcdSelect                                0x080027af   Thumb Code   114  rc522_function.o(.text)
    PcdAuthState                             0x08002821   Thumb Code   112  rc522_function.o(.text)
    PcdWrite                                 0x08002891   Thumb Code   152  rc522_function.o(.text)
    PcdRead                                  0x08002929   Thumb Code    86  rc522_function.o(.text)
    PcdHalt                                  0x0800297f   Thumb Code    50  rc522_function.o(.text)
    IC_CMT                                   0x080029b1   Thumb Code    72  rc522_function.o(.text)
    IC_test                                  0x080029f9   Thumb Code   198  read_card.o(.text)
    fire_init                                0x08002b51   Thumb Code    50  fire.o(.text)
    get_fire                                 0x08002b83   Thumb Code    42  fire.o(.text)
    delay_init                               0x08002bb9   Thumb Code    50  delay.o(.text)
    delay_us                                 0x08002beb   Thumb Code    72  delay.o(.text)
    delay_ms                                 0x08002c33   Thumb Code    72  delay.o(.text)
    Reset_Handler                            0x08002c8d   Thumb Code     8  startup_stm32f10x_hd.o(.text)
    ADC1_2_IRQHandler                        0x08002ca7   Thumb Code     0  startup_stm32f10x_hd.o(.text)
    ADC3_IRQHandler                          0x08002ca7   Thumb Code     0  startup_stm32f10x_hd.o(.text)
    CAN1_RX1_IRQHandler                      0x08002ca7   Thumb Code     0  startup_stm32f10x_hd.o(.text)
    CAN1_SCE_IRQHandler                      0x08002ca7   Thumb Code     0  startup_stm32f10x_hd.o(.text)
    DMA1_Channel1_IRQHandler                 0x08002ca7   Thumb Code     0  startup_stm32f10x_hd.o(.text)
    DMA1_Channel2_IRQHandler                 0x08002ca7   Thumb Code     0  startup_stm32f10x_hd.o(.text)
    DMA1_Channel3_IRQHandler                 0x08002ca7   Thumb Code     0  startup_stm32f10x_hd.o(.text)
    DMA1_Channel4_IRQHandler                 0x08002ca7   Thumb Code     0  startup_stm32f10x_hd.o(.text)
    DMA1_Channel5_IRQHandler                 0x08002ca7   Thumb Code     0  startup_stm32f10x_hd.o(.text)
    DMA1_Channel6_IRQHandler                 0x08002ca7   Thumb Code     0  startup_stm32f10x_hd.o(.text)
    DMA1_Channel7_IRQHandler                 0x08002ca7   Thumb Code     0  startup_stm32f10x_hd.o(.text)
    DMA2_Channel1_IRQHandler                 0x08002ca7   Thumb Code     0  startup_stm32f10x_hd.o(.text)
    DMA2_Channel2_IRQHandler                 0x08002ca7   Thumb Code     0  startup_stm32f10x_hd.o(.text)
    DMA2_Channel3_IRQHandler                 0x08002ca7   Thumb Code     0  startup_stm32f10x_hd.o(.text)
    DMA2_Channel4_5_IRQHandler               0x08002ca7   Thumb Code     0  startup_stm32f10x_hd.o(.text)
    EXTI0_IRQHandler                         0x08002ca7   Thumb Code     0  startup_stm32f10x_hd.o(.text)
    EXTI15_10_IRQHandler                     0x08002ca7   Thumb Code     0  startup_stm32f10x_hd.o(.text)
    EXTI1_IRQHandler                         0x08002ca7   Thumb Code     0  startup_stm32f10x_hd.o(.text)
    EXTI2_IRQHandler                         0x08002ca7   Thumb Code     0  startup_stm32f10x_hd.o(.text)
    EXTI3_IRQHandler                         0x08002ca7   Thumb Code     0  startup_stm32f10x_hd.o(.text)
    EXTI4_IRQHandler                         0x08002ca7   Thumb Code     0  startup_stm32f10x_hd.o(.text)
    EXTI9_5_IRQHandler                       0x08002ca7   Thumb Code     0  startup_stm32f10x_hd.o(.text)
    FLASH_IRQHandler                         0x08002ca7   Thumb Code     0  startup_stm32f10x_hd.o(.text)
    FSMC_IRQHandler                          0x08002ca7   Thumb Code     0  startup_stm32f10x_hd.o(.text)
    I2C1_ER_IRQHandler                       0x08002ca7   Thumb Code     0  startup_stm32f10x_hd.o(.text)
    I2C1_EV_IRQHandler                       0x08002ca7   Thumb Code     0  startup_stm32f10x_hd.o(.text)
    I2C2_ER_IRQHandler                       0x08002ca7   Thumb Code     0  startup_stm32f10x_hd.o(.text)
    I2C2_EV_IRQHandler                       0x08002ca7   Thumb Code     0  startup_stm32f10x_hd.o(.text)
    PVD_IRQHandler                           0x08002ca7   Thumb Code     0  startup_stm32f10x_hd.o(.text)
    RCC_IRQHandler                           0x08002ca7   Thumb Code     0  startup_stm32f10x_hd.o(.text)
    RTCAlarm_IRQHandler                      0x08002ca7   Thumb Code     0  startup_stm32f10x_hd.o(.text)
    RTC_IRQHandler                           0x08002ca7   Thumb Code     0  startup_stm32f10x_hd.o(.text)
    SDIO_IRQHandler                          0x08002ca7   Thumb Code     0  startup_stm32f10x_hd.o(.text)
    SPI1_IRQHandler                          0x08002ca7   Thumb Code     0  startup_stm32f10x_hd.o(.text)
    SPI2_IRQHandler                          0x08002ca7   Thumb Code     0  startup_stm32f10x_hd.o(.text)
    SPI3_IRQHandler                          0x08002ca7   Thumb Code     0  startup_stm32f10x_hd.o(.text)
    TAMPER_IRQHandler                        0x08002ca7   Thumb Code     0  startup_stm32f10x_hd.o(.text)
    TIM1_BRK_IRQHandler                      0x08002ca7   Thumb Code     0  startup_stm32f10x_hd.o(.text)
    TIM1_CC_IRQHandler                       0x08002ca7   Thumb Code     0  startup_stm32f10x_hd.o(.text)
    TIM1_TRG_COM_IRQHandler                  0x08002ca7   Thumb Code     0  startup_stm32f10x_hd.o(.text)
    TIM1_UP_IRQHandler                       0x08002ca7   Thumb Code     0  startup_stm32f10x_hd.o(.text)
    TIM2_IRQHandler                          0x08002ca7   Thumb Code     0  startup_stm32f10x_hd.o(.text)
    TIM5_IRQHandler                          0x08002ca7   Thumb Code     0  startup_stm32f10x_hd.o(.text)
    TIM6_IRQHandler                          0x08002ca7   Thumb Code     0  startup_stm32f10x_hd.o(.text)
    TIM7_IRQHandler                          0x08002ca7   Thumb Code     0  startup_stm32f10x_hd.o(.text)
    TIM8_BRK_IRQHandler                      0x08002ca7   Thumb Code     0  startup_stm32f10x_hd.o(.text)
    TIM8_CC_IRQHandler                       0x08002ca7   Thumb Code     0  startup_stm32f10x_hd.o(.text)
    TIM8_TRG_COM_IRQHandler                  0x08002ca7   Thumb Code     0  startup_stm32f10x_hd.o(.text)
    TIM8_UP_IRQHandler                       0x08002ca7   Thumb Code     0  startup_stm32f10x_hd.o(.text)
    UART4_IRQHandler                         0x08002ca7   Thumb Code     0  startup_stm32f10x_hd.o(.text)
    UART5_IRQHandler                         0x08002ca7   Thumb Code     0  startup_stm32f10x_hd.o(.text)
    USBWakeUp_IRQHandler                     0x08002ca7   Thumb Code     0  startup_stm32f10x_hd.o(.text)
    USB_HP_CAN1_TX_IRQHandler                0x08002ca7   Thumb Code     0  startup_stm32f10x_hd.o(.text)
    USB_LP_CAN1_RX0_IRQHandler               0x08002ca7   Thumb Code     0  startup_stm32f10x_hd.o(.text)
    WWDG_IRQHandler                          0x08002ca7   Thumb Code     0  startup_stm32f10x_hd.o(.text)
    GPIO_DeInit                              0x08002cb1   Thumb Code   172  stm32f10x_gpio.o(.text)
    GPIO_AFIODeInit                          0x08002d5d   Thumb Code    20  stm32f10x_gpio.o(.text)
    GPIO_Init                                0x08002d71   Thumb Code   278  stm32f10x_gpio.o(.text)
    GPIO_StructInit                          0x08002e87   Thumb Code    16  stm32f10x_gpio.o(.text)
    GPIO_ReadInputDataBit                    0x08002e97   Thumb Code    18  stm32f10x_gpio.o(.text)
    GPIO_ReadInputData                       0x08002ea9   Thumb Code     8  stm32f10x_gpio.o(.text)
    GPIO_ReadOutputDataBit                   0x08002eb1   Thumb Code    18  stm32f10x_gpio.o(.text)
    GPIO_ReadOutputData                      0x08002ec3   Thumb Code     8  stm32f10x_gpio.o(.text)
    GPIO_SetBits                             0x08002ecb   Thumb Code     4  stm32f10x_gpio.o(.text)
    GPIO_ResetBits                           0x08002ecf   Thumb Code     4  stm32f10x_gpio.o(.text)
    GPIO_WriteBit                            0x08002ed3   Thumb Code    10  stm32f10x_gpio.o(.text)
    GPIO_Write                               0x08002edd   Thumb Code     4  stm32f10x_gpio.o(.text)
    GPIO_PinLockConfig                       0x08002ee1   Thumb Code    18  stm32f10x_gpio.o(.text)
    GPIO_EventOutputConfig                   0x08002ef3   Thumb Code    26  stm32f10x_gpio.o(.text)
    GPIO_EventOutputCmd                      0x08002f0d   Thumb Code     6  stm32f10x_gpio.o(.text)
    GPIO_PinRemapConfig                      0x08002f13   Thumb Code   138  stm32f10x_gpio.o(.text)
    GPIO_EXTILineConfig                      0x08002f9d   Thumb Code    66  stm32f10x_gpio.o(.text)
    GPIO_ETH_MediaInterfaceConfig            0x08002fdf   Thumb Code     8  stm32f10x_gpio.o(.text)
    RCC_DeInit                               0x0800300d   Thumb Code    64  stm32f10x_rcc.o(.text)
    RCC_HSEConfig                            0x0800304d   Thumb Code    70  stm32f10x_rcc.o(.text)
    RCC_GetFlagStatus                        0x08003093   Thumb Code    56  stm32f10x_rcc.o(.text)
    RCC_WaitForHSEStartUp                    0x080030cb   Thumb Code    56  stm32f10x_rcc.o(.text)
    RCC_AdjustHSICalibrationValue            0x08003103   Thumb Code    20  stm32f10x_rcc.o(.text)
    RCC_HSICmd                               0x08003117   Thumb Code     6  stm32f10x_rcc.o(.text)
    RCC_PLLConfig                            0x0800311d   Thumb Code    24  stm32f10x_rcc.o(.text)
    RCC_PLLCmd                               0x08003135   Thumb Code     6  stm32f10x_rcc.o(.text)
    RCC_SYSCLKConfig                         0x0800313b   Thumb Code    18  stm32f10x_rcc.o(.text)
    RCC_GetSYSCLKSource                      0x0800314d   Thumb Code    10  stm32f10x_rcc.o(.text)
    RCC_HCLKConfig                           0x08003157   Thumb Code    18  stm32f10x_rcc.o(.text)
    RCC_PCLK1Config                          0x08003169   Thumb Code    18  stm32f10x_rcc.o(.text)
    RCC_PCLK2Config                          0x0800317b   Thumb Code    20  stm32f10x_rcc.o(.text)
    RCC_ITConfig                             0x0800318f   Thumb Code    26  stm32f10x_rcc.o(.text)
    RCC_USBCLKConfig                         0x080031a9   Thumb Code     8  stm32f10x_rcc.o(.text)
    RCC_ADCCLKConfig                         0x080031b1   Thumb Code    18  stm32f10x_rcc.o(.text)
    RCC_LSEConfig                            0x080031c3   Thumb Code    50  stm32f10x_rcc.o(.text)
    RCC_LSICmd                               0x080031f5   Thumb Code     6  stm32f10x_rcc.o(.text)
    RCC_RTCCLKConfig                         0x080031fb   Thumb Code    12  stm32f10x_rcc.o(.text)
    RCC_RTCCLKCmd                            0x08003207   Thumb Code     8  stm32f10x_rcc.o(.text)
    RCC_GetClocksFreq                        0x0800320f   Thumb Code   192  stm32f10x_rcc.o(.text)
    RCC_AHBPeriphClockCmd                    0x080032cf   Thumb Code    26  stm32f10x_rcc.o(.text)
    RCC_APB2PeriphClockCmd                   0x080032e9   Thumb Code    26  stm32f10x_rcc.o(.text)
    RCC_APB1PeriphClockCmd                   0x08003303   Thumb Code    26  stm32f10x_rcc.o(.text)
    RCC_APB2PeriphResetCmd                   0x0800331d   Thumb Code    26  stm32f10x_rcc.o(.text)
    RCC_APB1PeriphResetCmd                   0x08003337   Thumb Code    26  stm32f10x_rcc.o(.text)
    RCC_BackupResetCmd                       0x08003351   Thumb Code     8  stm32f10x_rcc.o(.text)
    RCC_ClockSecuritySystemCmd               0x08003359   Thumb Code     6  stm32f10x_rcc.o(.text)
    RCC_MCOConfig                            0x0800335f   Thumb Code     6  stm32f10x_rcc.o(.text)
    RCC_ClearFlag                            0x08003365   Thumb Code    14  stm32f10x_rcc.o(.text)
    RCC_GetITStatus                          0x08003373   Thumb Code    20  stm32f10x_rcc.o(.text)
    RCC_ClearITPendingBit                    0x08003387   Thumb Code     6  stm32f10x_rcc.o(.text)
    USART_DeInit                             0x080033b1   Thumb Code   134  stm32f10x_usart.o(.text)
    USART_Init                               0x08003437   Thumb Code   210  stm32f10x_usart.o(.text)
    USART_StructInit                         0x08003509   Thumb Code    24  stm32f10x_usart.o(.text)
    USART_ClockInit                          0x08003521   Thumb Code    34  stm32f10x_usart.o(.text)
    USART_ClockStructInit                    0x08003543   Thumb Code    12  stm32f10x_usart.o(.text)
    USART_Cmd                                0x0800354f   Thumb Code    24  stm32f10x_usart.o(.text)
    USART_ITConfig                           0x08003567   Thumb Code    74  stm32f10x_usart.o(.text)
    USART_DMACmd                             0x080035b1   Thumb Code    18  stm32f10x_usart.o(.text)
    USART_SetAddress                         0x080035c3   Thumb Code    18  stm32f10x_usart.o(.text)
    USART_WakeUpConfig                       0x080035d5   Thumb Code    18  stm32f10x_usart.o(.text)
    USART_ReceiverWakeUpCmd                  0x080035e7   Thumb Code    24  stm32f10x_usart.o(.text)
    USART_LINBreakDetectLengthConfig         0x080035ff   Thumb Code    18  stm32f10x_usart.o(.text)
    USART_LINCmd                             0x08003611   Thumb Code    24  stm32f10x_usart.o(.text)
    USART_SendData                           0x08003629   Thumb Code     8  stm32f10x_usart.o(.text)
    USART_ReceiveData                        0x08003631   Thumb Code    10  stm32f10x_usart.o(.text)
    USART_SendBreak                          0x0800363b   Thumb Code    10  stm32f10x_usart.o(.text)
    USART_SetGuardTime                       0x08003645   Thumb Code    16  stm32f10x_usart.o(.text)
    USART_SetPrescaler                       0x08003655   Thumb Code    16  stm32f10x_usart.o(.text)
    USART_SmartCardCmd                       0x08003665   Thumb Code    24  stm32f10x_usart.o(.text)
    USART_SmartCardNACKCmd                   0x0800367d   Thumb Code    24  stm32f10x_usart.o(.text)
    USART_HalfDuplexCmd                      0x08003695   Thumb Code    24  stm32f10x_usart.o(.text)
    USART_OverSampling8Cmd                   0x080036ad   Thumb Code    22  stm32f10x_usart.o(.text)
    USART_OneBitMethodCmd                    0x080036c3   Thumb Code    24  stm32f10x_usart.o(.text)
    USART_IrDAConfig                         0x080036db   Thumb Code    18  stm32f10x_usart.o(.text)
    USART_IrDACmd                            0x080036ed   Thumb Code    24  stm32f10x_usart.o(.text)
    USART_GetFlagStatus                      0x08003705   Thumb Code    26  stm32f10x_usart.o(.text)
    USART_ClearFlag                          0x0800371f   Thumb Code    18  stm32f10x_usart.o(.text)
    USART_GetITStatus                        0x08003731   Thumb Code    84  stm32f10x_usart.o(.text)
    USART_ClearITPendingBit                  0x08003785   Thumb Code    52  stm32f10x_usart.o(.text)
    NVIC_PriorityGroupConfig                 0x080037b9   Thumb Code    10  misc.o(.text)
    NVIC_Init                                0x080037c3   Thumb Code   100  misc.o(.text)
    NVIC_SetVectorTable                      0x08003827   Thumb Code    14  misc.o(.text)
    NVIC_SystemLPConfig                      0x08003835   Thumb Code    34  misc.o(.text)
    SysTick_CLKSourceConfig                  0x08003857   Thumb Code    40  misc.o(.text)
    I2C_DeInit                               0x08003895   Thumb Code    50  stm32f10x_i2c.o(.text)
    I2C_Init                                 0x080038c7   Thumb Code   222  stm32f10x_i2c.o(.text)
    I2C_StructInit                           0x080039a5   Thumb Code    30  stm32f10x_i2c.o(.text)
    I2C_Cmd                                  0x080039c3   Thumb Code    24  stm32f10x_i2c.o(.text)
    I2C_DMACmd                               0x080039db   Thumb Code    24  stm32f10x_i2c.o(.text)
    I2C_DMALastTransferCmd                   0x080039f3   Thumb Code    24  stm32f10x_i2c.o(.text)
    I2C_GenerateSTART                        0x08003a0b   Thumb Code    24  stm32f10x_i2c.o(.text)
    I2C_GenerateSTOP                         0x08003a23   Thumb Code    24  stm32f10x_i2c.o(.text)
    I2C_AcknowledgeConfig                    0x08003a3b   Thumb Code    24  stm32f10x_i2c.o(.text)
    I2C_OwnAddress2Config                    0x08003a53   Thumb Code    22  stm32f10x_i2c.o(.text)
    I2C_DualAddressCmd                       0x08003a69   Thumb Code    24  stm32f10x_i2c.o(.text)
    I2C_GeneralCallCmd                       0x08003a81   Thumb Code    24  stm32f10x_i2c.o(.text)
    I2C_ITConfig                             0x08003a99   Thumb Code    18  stm32f10x_i2c.o(.text)
    I2C_SendData                             0x08003aab   Thumb Code     4  stm32f10x_i2c.o(.text)
    I2C_ReceiveData                          0x08003aaf   Thumb Code     8  stm32f10x_i2c.o(.text)
    I2C_Send7bitAddress                      0x08003ab7   Thumb Code    18  stm32f10x_i2c.o(.text)
    I2C_ReadRegister                         0x08003ac9   Thumb Code    22  stm32f10x_i2c.o(.text)
    I2C_SoftwareResetCmd                     0x08003adf   Thumb Code    22  stm32f10x_i2c.o(.text)
    I2C_NACKPositionConfig                   0x08003af5   Thumb Code    28  stm32f10x_i2c.o(.text)
    I2C_SMBusAlertConfig                     0x08003b11   Thumb Code    28  stm32f10x_i2c.o(.text)
    I2C_TransmitPEC                          0x08003b2d   Thumb Code    24  stm32f10x_i2c.o(.text)
    I2C_PECPositionConfig                    0x08003b45   Thumb Code    28  stm32f10x_i2c.o(.text)
    I2C_CalculatePEC                         0x08003b61   Thumb Code    24  stm32f10x_i2c.o(.text)
    I2C_GetPEC                               0x08003b79   Thumb Code     8  stm32f10x_i2c.o(.text)
    I2C_ARPCmd                               0x08003b81   Thumb Code    24  stm32f10x_i2c.o(.text)
    I2C_StretchClockCmd                      0x08003b99   Thumb Code    24  stm32f10x_i2c.o(.text)
    I2C_FastModeDutyCycleConfig              0x08003bb1   Thumb Code    28  stm32f10x_i2c.o(.text)
    I2C_CheckEvent                           0x08003bcd   Thumb Code    42  stm32f10x_i2c.o(.text)
    I2C_GetLastEvent                         0x08003bf7   Thumb Code    26  stm32f10x_i2c.o(.text)
    I2C_GetFlagStatus                        0x08003c11   Thumb Code    58  stm32f10x_i2c.o(.text)
    I2C_ClearFlag                            0x08003c4b   Thumb Code    12  stm32f10x_i2c.o(.text)
    I2C_GetITStatus                          0x08003c57   Thumb Code    54  stm32f10x_i2c.o(.text)
    I2C_ClearITPendingBit                    0x08003c8d   Thumb Code    12  stm32f10x_i2c.o(.text)
    ADC_DeInit                               0x08003c99   Thumb Code    78  stm32f10x_adc.o(.text)
    ADC_Init                                 0x08003ce7   Thumb Code    70  stm32f10x_adc.o(.text)
    ADC_StructInit                           0x08003d2d   Thumb Code    18  stm32f10x_adc.o(.text)
    ADC_Cmd                                  0x08003d3f   Thumb Code    22  stm32f10x_adc.o(.text)
    ADC_DMACmd                               0x08003d55   Thumb Code    22  stm32f10x_adc.o(.text)
    ADC_ITConfig                             0x08003d6b   Thumb Code    24  stm32f10x_adc.o(.text)
    ADC_ResetCalibration                     0x08003d83   Thumb Code    10  stm32f10x_adc.o(.text)
    ADC_GetResetCalibrationStatus            0x08003d8d   Thumb Code    20  stm32f10x_adc.o(.text)
    ADC_StartCalibration                     0x08003da1   Thumb Code    10  stm32f10x_adc.o(.text)
    ADC_GetCalibrationStatus                 0x08003dab   Thumb Code    20  stm32f10x_adc.o(.text)
    ADC_SoftwareStartConvCmd                 0x08003dbf   Thumb Code    22  stm32f10x_adc.o(.text)
    ADC_GetSoftwareStartConvStatus           0x08003dd5   Thumb Code    20  stm32f10x_adc.o(.text)
    ADC_DiscModeChannelCountConfig           0x08003de9   Thumb Code    24  stm32f10x_adc.o(.text)
    ADC_DiscModeCmd                          0x08003e01   Thumb Code    22  stm32f10x_adc.o(.text)
    ADC_RegularChannelConfig                 0x08003e17   Thumb Code   184  stm32f10x_adc.o(.text)
    ADC_ExternalTrigConvCmd                  0x08003ecf   Thumb Code    22  stm32f10x_adc.o(.text)
    ADC_GetConversionValue                   0x08003ee5   Thumb Code     8  stm32f10x_adc.o(.text)
    ADC_GetDualModeConversionValue           0x08003eed   Thumb Code     8  stm32f10x_adc.o(.text)
    ADC_AutoInjectedConvCmd                  0x08003ef5   Thumb Code    22  stm32f10x_adc.o(.text)
    ADC_InjectedDiscModeCmd                  0x08003f0b   Thumb Code    22  stm32f10x_adc.o(.text)
    ADC_ExternalTrigInjectedConvConfig       0x08003f21   Thumb Code    16  stm32f10x_adc.o(.text)
    ADC_ExternalTrigInjectedConvCmd          0x08003f31   Thumb Code    22  stm32f10x_adc.o(.text)
    ADC_SoftwareStartInjectedConvCmd         0x08003f47   Thumb Code    22  stm32f10x_adc.o(.text)
    ADC_GetSoftwareStartInjectedConvCmdStatus 0x08003f5d   Thumb Code    20  stm32f10x_adc.o(.text)
    ADC_InjectedChannelConfig                0x08003f71   Thumb Code   130  stm32f10x_adc.o(.text)
    ADC_InjectedSequencerLengthConfig        0x08003ff3   Thumb Code    24  stm32f10x_adc.o(.text)
    ADC_SetInjectedOffset                    0x0800400b   Thumb Code    20  stm32f10x_adc.o(.text)
    ADC_GetInjectedConversionValue           0x0800401f   Thumb Code    28  stm32f10x_adc.o(.text)
    ADC_AnalogWatchdogCmd                    0x0800403b   Thumb Code    16  stm32f10x_adc.o(.text)
    ADC_AnalogWatchdogThresholdsConfig       0x0800404b   Thumb Code     6  stm32f10x_adc.o(.text)
    ADC_AnalogWatchdogSingleChannelConfig    0x08004051   Thumb Code    16  stm32f10x_adc.o(.text)
    ADC_TempSensorVrefintCmd                 0x08004061   Thumb Code    64  stm32f10x_adc.o(.text)
    ADC_GetFlagStatus                        0x080040a1   Thumb Code    18  stm32f10x_adc.o(.text)
    ADC_ClearFlag                            0x080040b3   Thumb Code     6  stm32f10x_adc.o(.text)
    ADC_GetITStatus                          0x080040b9   Thumb Code    36  stm32f10x_adc.o(.text)
    ADC_ClearITPendingBit                    0x080040dd   Thumb Code    10  stm32f10x_adc.o(.text)
    DMA_DeInit                               0x080040e9   Thumb Code   324  stm32f10x_dma.o(.text)
    DMA_Init                                 0x0800422d   Thumb Code    60  stm32f10x_dma.o(.text)
    DMA_StructInit                           0x08004269   Thumb Code    26  stm32f10x_dma.o(.text)
    DMA_Cmd                                  0x08004283   Thumb Code    24  stm32f10x_dma.o(.text)
    DMA_ITConfig                             0x0800429b   Thumb Code    18  stm32f10x_dma.o(.text)
    DMA_SetCurrDataCounter                   0x080042ad   Thumb Code     4  stm32f10x_dma.o(.text)
    DMA_GetCurrDataCounter                   0x080042b1   Thumb Code     8  stm32f10x_dma.o(.text)
    DMA_GetFlagStatus                        0x080042b9   Thumb Code    40  stm32f10x_dma.o(.text)
    DMA_ClearFlag                            0x080042e1   Thumb Code    22  stm32f10x_dma.o(.text)
    DMA_GetITStatus                          0x080042f7   Thumb Code    40  stm32f10x_dma.o(.text)
    DMA_ClearITPendingBit                    0x0800431f   Thumb Code    22  stm32f10x_dma.o(.text)
    TIM_DeInit                               0x0800433d   Thumb Code   424  stm32f10x_tim.o(.text)
    TIM_TimeBaseInit                         0x080044e5   Thumb Code   122  stm32f10x_tim.o(.text)
    TIM_OC1Init                              0x0800455f   Thumb Code   132  stm32f10x_tim.o(.text)
    TIM_OC2Init                              0x080045e3   Thumb Code   154  stm32f10x_tim.o(.text)
    TIM_OC3Init                              0x0800467d   Thumb Code   150  stm32f10x_tim.o(.text)
    TIM_OC4Init                              0x08004713   Thumb Code   182  stm32f10x_tim.o(.text)
    TIM_SetIC4Prescaler                      0x080047c9   Thumb Code    26  stm32f10x_tim.o(.text)
    TIM_SetIC3Prescaler                      0x08004865   Thumb Code    18  stm32f10x_tim.o(.text)
    TIM_SetIC2Prescaler                      0x080048f1   Thumb Code    26  stm32f10x_tim.o(.text)
    TIM_SetIC1Prescaler                      0x0800498d   Thumb Code    18  stm32f10x_tim.o(.text)
    TIM_ICInit                               0x08004a0b   Thumb Code   150  stm32f10x_tim.o(.text)
    TIM_PWMIConfig                           0x08004aa1   Thumb Code   124  stm32f10x_tim.o(.text)
    TIM_BDTRConfig                           0x08004b1d   Thumb Code    32  stm32f10x_tim.o(.text)
    TIM_TimeBaseStructInit                   0x08004b3d   Thumb Code    18  stm32f10x_tim.o(.text)
    TIM_OCStructInit                         0x08004b4f   Thumb Code    20  stm32f10x_tim.o(.text)
    TIM_ICStructInit                         0x08004b63   Thumb Code    18  stm32f10x_tim.o(.text)
    TIM_BDTRStructInit                       0x08004b75   Thumb Code    40  stm32f10x_tim.o(.text)
    TIM_Cmd                                  0x08004b9d   Thumb Code    24  stm32f10x_tim.o(.text)
    TIM_CtrlPWMOutputs                       0x08004bb5   Thumb Code    30  stm32f10x_tim.o(.text)
    TIM_ITConfig                             0x08004bd3   Thumb Code    18  stm32f10x_tim.o(.text)
    TIM_GenerateEvent                        0x08004be5   Thumb Code     4  stm32f10x_tim.o(.text)
    TIM_DMAConfig                            0x08004be9   Thumb Code    10  stm32f10x_tim.o(.text)
    TIM_DMACmd                               0x08004bf3   Thumb Code    18  stm32f10x_tim.o(.text)
    TIM_InternalClockConfig                  0x08004c05   Thumb Code    12  stm32f10x_tim.o(.text)
    TIM_SelectInputTrigger                   0x08004c11   Thumb Code    18  stm32f10x_tim.o(.text)
    TIM_ITRxExternalClockConfig              0x08004c23   Thumb Code    24  stm32f10x_tim.o(.text)
    TIM_TIxExternalClockConfig               0x08004c3b   Thumb Code    62  stm32f10x_tim.o(.text)
    TIM_ETRConfig                            0x08004c79   Thumb Code    28  stm32f10x_tim.o(.text)
    TIM_ETRClockMode1Config                  0x08004c95   Thumb Code    54  stm32f10x_tim.o(.text)
    TIM_ETRClockMode2Config                  0x08004ccb   Thumb Code    32  stm32f10x_tim.o(.text)
    TIM_PrescalerConfig                      0x08004ceb   Thumb Code     6  stm32f10x_tim.o(.text)
    TIM_CounterModeConfig                    0x08004cf1   Thumb Code    18  stm32f10x_tim.o(.text)
    TIM_EncoderInterfaceConfig               0x08004d03   Thumb Code    66  stm32f10x_tim.o(.text)
    TIM_ForcedOC1Config                      0x08004d45   Thumb Code    18  stm32f10x_tim.o(.text)
    TIM_ForcedOC2Config                      0x08004d57   Thumb Code    26  stm32f10x_tim.o(.text)
    TIM_ForcedOC3Config                      0x08004d71   Thumb Code    18  stm32f10x_tim.o(.text)
    TIM_ForcedOC4Config                      0x08004d83   Thumb Code    26  stm32f10x_tim.o(.text)
    TIM_ARRPreloadConfig                     0x08004d9d   Thumb Code    24  stm32f10x_tim.o(.text)
    TIM_SelectCOM                            0x08004db5   Thumb Code    24  stm32f10x_tim.o(.text)
    TIM_SelectCCDMA                          0x08004dcd   Thumb Code    24  stm32f10x_tim.o(.text)
    TIM_CCPreloadControl                     0x08004de5   Thumb Code    24  stm32f10x_tim.o(.text)
    TIM_OC1PreloadConfig                     0x08004dfd   Thumb Code    18  stm32f10x_tim.o(.text)
    TIM_OC2PreloadConfig                     0x08004e0f   Thumb Code    26  stm32f10x_tim.o(.text)
    TIM_OC3PreloadConfig                     0x08004e29   Thumb Code    18  stm32f10x_tim.o(.text)
    TIM_OC4PreloadConfig                     0x08004e3b   Thumb Code    26  stm32f10x_tim.o(.text)
    TIM_OC1FastConfig                        0x08004e55   Thumb Code    18  stm32f10x_tim.o(.text)
    TIM_OC2FastConfig                        0x08004e67   Thumb Code    26  stm32f10x_tim.o(.text)
    TIM_OC3FastConfig                        0x08004e81   Thumb Code    18  stm32f10x_tim.o(.text)
    TIM_OC4FastConfig                        0x08004e93   Thumb Code    26  stm32f10x_tim.o(.text)
    TIM_ClearOC1Ref                          0x08004ead   Thumb Code    18  stm32f10x_tim.o(.text)
    TIM_ClearOC2Ref                          0x08004ebf   Thumb Code    24  stm32f10x_tim.o(.text)
    TIM_ClearOC3Ref                          0x08004ed7   Thumb Code    18  stm32f10x_tim.o(.text)
    TIM_ClearOC4Ref                          0x08004ee9   Thumb Code    24  stm32f10x_tim.o(.text)
    TIM_OC1PolarityConfig                    0x08004f01   Thumb Code    18  stm32f10x_tim.o(.text)
    TIM_OC1NPolarityConfig                   0x08004f13   Thumb Code    18  stm32f10x_tim.o(.text)
    TIM_OC2PolarityConfig                    0x08004f25   Thumb Code    26  stm32f10x_tim.o(.text)
    TIM_OC2NPolarityConfig                   0x08004f3f   Thumb Code    26  stm32f10x_tim.o(.text)
    TIM_OC3PolarityConfig                    0x08004f59   Thumb Code    26  stm32f10x_tim.o(.text)
    TIM_OC3NPolarityConfig                   0x08004f73   Thumb Code    26  stm32f10x_tim.o(.text)
    TIM_OC4PolarityConfig                    0x08004f8d   Thumb Code    26  stm32f10x_tim.o(.text)
    TIM_CCxCmd                               0x08004fa7   Thumb Code    30  stm32f10x_tim.o(.text)
    TIM_CCxNCmd                              0x08004fc5   Thumb Code    30  stm32f10x_tim.o(.text)
    TIM_SelectOCxM                           0x08004fe3   Thumb Code    82  stm32f10x_tim.o(.text)
    TIM_UpdateDisableConfig                  0x08005035   Thumb Code    24  stm32f10x_tim.o(.text)
    TIM_UpdateRequestConfig                  0x0800504d   Thumb Code    24  stm32f10x_tim.o(.text)
    TIM_SelectHallSensor                     0x08005065   Thumb Code    24  stm32f10x_tim.o(.text)
    TIM_SelectOnePulseMode                   0x0800507d   Thumb Code    18  stm32f10x_tim.o(.text)
    TIM_SelectOutputTrigger                  0x0800508f   Thumb Code    18  stm32f10x_tim.o(.text)
    TIM_SelectSlaveMode                      0x080050a1   Thumb Code    18  stm32f10x_tim.o(.text)
    TIM_SelectMasterSlaveMode                0x080050b3   Thumb Code    18  stm32f10x_tim.o(.text)
    TIM_SetCounter                           0x080050c5   Thumb Code     4  stm32f10x_tim.o(.text)
    TIM_SetAutoreload                        0x080050c9   Thumb Code     4  stm32f10x_tim.o(.text)
    TIM_SetCompare1                          0x080050cd   Thumb Code     4  stm32f10x_tim.o(.text)
    TIM_SetCompare2                          0x080050d1   Thumb Code     4  stm32f10x_tim.o(.text)
    TIM_SetCompare3                          0x080050d5   Thumb Code     4  stm32f10x_tim.o(.text)
    TIM_SetCompare4                          0x080050d9   Thumb Code     6  stm32f10x_tim.o(.text)
    TIM_SetClockDivision                     0x080050df   Thumb Code    18  stm32f10x_tim.o(.text)
    TIM_GetCapture1                          0x080050f1   Thumb Code     6  stm32f10x_tim.o(.text)
    TIM_GetCapture2                          0x080050f7   Thumb Code     6  stm32f10x_tim.o(.text)
    TIM_GetCapture3                          0x080050fd   Thumb Code     6  stm32f10x_tim.o(.text)
    TIM_GetCapture4                          0x08005103   Thumb Code     8  stm32f10x_tim.o(.text)
    TIM_GetCounter                           0x0800510b   Thumb Code     6  stm32f10x_tim.o(.text)
    TIM_GetPrescaler                         0x08005111   Thumb Code     6  stm32f10x_tim.o(.text)
    TIM_GetFlagStatus                        0x08005117   Thumb Code    18  stm32f10x_tim.o(.text)
    TIM_ClearFlag                            0x08005129   Thumb Code     6  stm32f10x_tim.o(.text)
    TIM_GetITStatus                          0x0800512f   Thumb Code    34  stm32f10x_tim.o(.text)
    TIM_ClearITPendingBit                    0x08005151   Thumb Code     6  stm32f10x_tim.o(.text)
    __aeabi_memcpy                           0x08005157   Thumb Code    36  memcpya.o(.text)
    __aeabi_memcpy4                          0x08005157   Thumb Code     0  memcpya.o(.text)
    __aeabi_memcpy8                          0x08005157   Thumb Code     0  memcpya.o(.text)
    strlen                                   0x0800517b   Thumb Code    14  strlen.o(.text)
    strcmp                                   0x08005189   Thumb Code    28  strcmp.o(.text)
    __aeabi_dmul                             0x080051a5   Thumb Code   228  dmul.o(.text)
    __aeabi_ui2f                             0x08005289   Thumb Code    10  ffltui.o(.text)
    __aeabi_f2d                              0x08005293   Thumb Code    38  f2d.o(.text)
    __aeabi_cdrcmple                         0x080052b9   Thumb Code    48  cdrcmple.o(.text)
    __aeabi_d2f                              0x080052e9   Thumb Code    56  d2f.o(.text)
    __aeabi_uidiv                            0x08005321   Thumb Code     0  uidiv.o(.text)
    __aeabi_uidivmod                         0x08005321   Thumb Code    44  uidiv.o(.text)
    __aeabi_uldivmod                         0x0800534d   Thumb Code    98  uldiv.o(.text)
    __I$use$fp                               0x080053af   Thumb Code     0  iusefp.o(.text)
    _float_round                             0x080053af   Thumb Code    18  fepilogue.o(.text)
    _float_epilogue                          0x080053c1   Thumb Code    92  fepilogue.o(.text)
    _double_round                            0x0800541d   Thumb Code    30  depilogue.o(.text)
    _double_epilogue                         0x0800543b   Thumb Code   156  depilogue.o(.text)
    __aeabi_dadd                             0x080054d7   Thumb Code   322  dadd.o(.text)
    __aeabi_dsub                             0x08005619   Thumb Code     6  dadd.o(.text)
    __aeabi_drsub                            0x0800561f   Thumb Code     6  dadd.o(.text)
    __aeabi_ddiv                             0x08005625   Thumb Code   222  ddiv.o(.text)
    __aeabi_d2ulz                            0x08005703   Thumb Code    48  dfixul.o(.text)
    __scatterload                            0x08005735   Thumb Code    28  init.o(.text)
    __scatterload_rt2                        0x08005735   Thumb Code     0  init.o(.text)
    __aeabi_llsl                             0x08005759   Thumb Code    30  llshl.o(.text)
    _ll_shift_l                              0x08005759   Thumb Code     0  llshl.o(.text)
    __aeabi_llsr                             0x08005777   Thumb Code    32  llushr.o(.text)
    _ll_ushift_r                             0x08005777   Thumb Code     0  llushr.o(.text)
    __aeabi_lasr                             0x08005797   Thumb Code    36  llsshr.o(.text)
    _ll_sshift_r                             0x08005797   Thumb Code     0  llsshr.o(.text)
    __decompress                             0x080057bb   Thumb Code     0  __dczerorl2.o(.text)
    __decompress1                            0x080057bb   Thumb Code    86  __dczerorl2.o(.text)
    __0printf                                0x08005811   Thumb Code    22  printfa.o(i.__0printf)
    __1printf                                0x08005811   Thumb Code     0  printfa.o(i.__0printf)
    __2printf                                0x08005811   Thumb Code     0  printfa.o(i.__0printf)
    __c89printf                              0x08005811   Thumb Code     0  printfa.o(i.__0printf)
    printf                                   0x08005811   Thumb Code     0  printfa.o(i.__0printf)
    __0sprintf                               0x08005831   Thumb Code    34  printfa.o(i.__0sprintf)
    __1sprintf                               0x08005831   Thumb Code     0  printfa.o(i.__0sprintf)
    __2sprintf                               0x08005831   Thumb Code     0  printfa.o(i.__0sprintf)
    __c89sprintf                             0x08005831   Thumb Code     0  printfa.o(i.__0sprintf)
    sprintf                                  0x08005831   Thumb Code     0  printfa.o(i.__0sprintf)
    __0vsprintf                              0x08005859   Thumb Code    30  printfa.o(i.__0vsprintf)
    __1vsprintf                              0x08005859   Thumb Code     0  printfa.o(i.__0vsprintf)
    __2vsprintf                              0x08005859   Thumb Code     0  printfa.o(i.__0vsprintf)
    __c89vsprintf                            0x08005859   Thumb Code     0  printfa.o(i.__0vsprintf)
    vsprintf                                 0x08005859   Thumb Code     0  printfa.o(i.__0vsprintf)
    __scatterload_copy                       0x0800587d   Thumb Code    14  handlers.o(i.__scatterload_copy)
    __scatterload_null                       0x0800588b   Thumb Code     2  handlers.o(i.__scatterload_null)
    __scatterload_zeroinit                   0x0800588d   Thumb Code    14  handlers.o(i.__scatterload_zeroinit)
    F6x8                                     0x08006138   Data         552  oled_i2c.o(.constdata)
    F8X16                                    0x08006360   Data        1520  oled_i2c.o(.constdata)
    Region$$Table$$Base                      0x08006950   Number         0  anon$$obj.o(Region$$Table)
    Region$$Table$$Limit                     0x08006970   Number         0  anon$$obj.o(Region$$Table)
    temperature                              0x20000000   Data           1  main.o(.data)
    humidity                                 0x20000001   Data           1  main.o(.data)
    adcx                                     0x20000002   Data           2  main.o(.data)
    success_flage                            0x20000004   Data           1  main.o(.data)
    temp                                     0x20000008   Data           4  main.o(.data)
    reclen                                   0x2000000c   Data           1  main.o(.data)
    FLAG                                     0x2000000d   Data           1  main.o(.data)
    LED_FLAG                                 0x2000000e   Data           1  main.o(.data)
    DOOR_FLAG                                0x2000000f   Data           1  main.o(.data)
    WIN_FLAG                                 0x20000010   Data           1  main.o(.data)
    AIRFAN_FLAG                              0x20000011   Data           1  main.o(.data)
    WINDOW_FLAG                              0x20000012   Data           1  main.o(.data)
    WINDOW_STATE                             0x20000013   Data           1  main.o(.data)
    SOCKET_FLAG                              0x20000014   Data           1  main.o(.data)
    people_mode                              0x20000015   Data           1  main.o(.data)
    warning_mode                             0x20000016   Data           1  main.o(.data)
    Beep_Flage                               0x20000017   Data           1  main.o(.data)
    Fire_Flage                               0x20000018   Data           1  main.o(.data)
    SystemCoreClock                          0x2000001c   Data           4  system_stm32f10x.o(.data)
    AHBPrescTable                            0x20000020   Data          16  system_stm32f10x.o(.data)
    F16x16                                   0x20000030   Data         640  oled_i2c.o(.data)
    BMP1                                     0x200002b0   Data        1024  oled_i2c.o(.data)
    USART2_RX_STA                            0x200006b0   Data           2  usart2.o(.data)
    USART3_RX_STA                            0x200006b4   Data           2  usart3.o(.data)
    USART1_RX_STA                            0x200006b6   Data           2  usart3.o(.data)
    table                                    0x200006b8   Data          11  read_card.o(.data)
    __stdout                                 0x200006dc   Data           4  stdout.o(.data)
    oled_buffer                              0x200006e0   Data          50  main.o(.bss)
    USART2_TX_BUF                            0x20000718   Data         200  usart2.o(.bss)
    USART2_RX_BUF                            0x200007e0   Data         200  usart2.o(.bss)
    USART3_RX_BUF                            0x200008a8   Data         200  usart3.o(.bss)
    __initial_sp                             0x20000d70   Data           0  startup_stm32f10x_hd.o(STACK)



==============================================================================

Memory Map of the image

  Image Entry point : 0x08000131

  Load Region LR_IROM1 (Base: 0x08000000, Size: 0x00007050, Max: 0x00040000, ABSOLUTE, COMPRESSED[0x00006c70])

    Execution Region ER_IROM1 (Base: 0x08000000, Size: 0x00006970, Max: 0x00040000, ABSOLUTE)

    Base Addr    Size         Type   Attr      Idx    E Section Name        Object

    0x08000000   0x00000130   Data   RO          604    RESET               startup_stm32f10x_hd.o
    0x08000130   0x00000000   Code   RO          887  * .ARM.Collect$$$$00000000  mc_w.l(entry.o)
    0x08000130   0x00000004   Code   RO         1169    .ARM.Collect$$$$00000001  mc_w.l(entry2.o)
    0x08000134   0x00000004   Code   RO         1172    .ARM.Collect$$$$00000004  mc_w.l(entry5.o)
    0x08000138   0x00000000   Code   RO         1174    .ARM.Collect$$$$00000008  mc_w.l(entry7b.o)
    0x08000138   0x00000000   Code   RO         1176    .ARM.Collect$$$$0000000A  mc_w.l(entry8b.o)
    0x08000138   0x00000008   Code   RO         1177    .ARM.Collect$$$$0000000B  mc_w.l(entry9a.o)
    0x08000140   0x00000000   Code   RO         1179    .ARM.Collect$$$$0000000D  mc_w.l(entry10a.o)
    0x08000140   0x00000000   Code   RO         1181    .ARM.Collect$$$$0000000F  mc_w.l(entry11a.o)
    0x08000140   0x00000004   Code   RO         1170    .ARM.Collect$$$$00002712  mc_w.l(entry2.o)
    0x08000144   0x0000024c   Code   RO            1    .text               main.o
    0x08000390   0x0000001a   Code   RO          184    .text               stm32f10x_it.o
    0x080003aa   0x00000002   PAD
    0x080003ac   0x000001e0   Code   RO          199    .text               system_stm32f10x.o
    0x0800058c   0x00000084   Code   RO          217    .text               led.o
    0x08000610   0x000006f4   Code   RO          256    .text               oled_i2c.o
    0x08000d04   0x00000198   Code   RO          274    .text               dht11.o
    0x08000e9c   0x000000e8   Code   RO          286    .text               adc.o
    0x08000f84   0x00000038   Code   RO          298    .text               beep.o
    0x08000fbc   0x00000094   Code   RO          310    .text               timer.o
    0x08001050   0x00000054   Code   RO          323    .text               relay.o
    0x080010a4   0x000004f8   Code   RO          336    .text               hc05.o
    0x0800159c   0x00000274   Code   RO          356    .text               usart2.o
    0x08001810   0x00000158   Code   RO          382    .text               pwm.o
    0x08001968   0x00000054   Code   RO          395    .text               airfan.o
    0x080019bc   0x0000006c   Code   RO          408    .text               hcsr501.o
    0x08001a28   0x000000b8   Code   RO          421    .text               key.o
    0x08001ae0   0x00000090   Code   RO          435    .text               syn6288.o
    0x08001b70   0x00000524   Code   RO          466    .text               usart3.o
    0x08002094   0x000001c8   Code   RO          490    .text               uln2003.o
    0x0800225c   0x000000c8   Code   RO          502    .text               rc522_config.o
    0x08002324   0x000006d4   Code   RO          514    .text               rc522_function.o
    0x080029f8   0x00000158   Code   RO          526    .text               read_card.o
    0x08002b50   0x00000068   Code   RO          542    .text               fire.o
    0x08002bb8   0x000000d4   Code   RO          561    .text               delay.o
    0x08002c8c   0x00000024   Code   RO          605    .text               startup_stm32f10x_hd.o
    0x08002cb0   0x0000035c   Code   RO          609    .text               stm32f10x_gpio.o
    0x0800300c   0x000003a4   Code   RO          621    .text               stm32f10x_rcc.o
    0x080033b0   0x00000408   Code   RO          635    .text               stm32f10x_usart.o
    0x080037b8   0x000000dc   Code   RO          647    .text               misc.o
    0x08003894   0x00000404   Code   RO          659    .text               stm32f10x_i2c.o
    0x08003c98   0x0000044e   Code   RO          671    .text               stm32f10x_adc.o
    0x080040e6   0x00000002   PAD
    0x080040e8   0x00000254   Code   RO          755    .text               stm32f10x_dma.o
    0x0800433c   0x00000e1a   Code   RO          863    .text               stm32f10x_tim.o
    0x08005156   0x00000024   Code   RO          890    .text               mc_w.l(memcpya.o)
    0x0800517a   0x0000000e   Code   RO          892    .text               mc_w.l(strlen.o)
    0x08005188   0x0000001c   Code   RO          894    .text               mc_w.l(strcmp.o)
    0x080051a4   0x000000e4   Code   RO         1159    .text               mf_w.l(dmul.o)
    0x08005288   0x0000000a   Code   RO         1161    .text               mf_w.l(ffltui.o)
    0x08005292   0x00000026   Code   RO         1163    .text               mf_w.l(f2d.o)
    0x080052b8   0x00000030   Code   RO         1165    .text               mf_w.l(cdrcmple.o)
    0x080052e8   0x00000038   Code   RO         1167    .text               mf_w.l(d2f.o)
    0x08005320   0x0000002c   Code   RO         1184    .text               mc_w.l(uidiv.o)
    0x0800534c   0x00000062   Code   RO         1186    .text               mc_w.l(uldiv.o)
    0x080053ae   0x00000000   Code   RO         1188    .text               mc_w.l(iusefp.o)
    0x080053ae   0x0000006e   Code   RO         1189    .text               mf_w.l(fepilogue.o)
    0x0800541c   0x000000ba   Code   RO         1191    .text               mf_w.l(depilogue.o)
    0x080054d6   0x0000014e   Code   RO         1193    .text               mf_w.l(dadd.o)
    0x08005624   0x000000de   Code   RO         1195    .text               mf_w.l(ddiv.o)
    0x08005702   0x00000030   Code   RO         1197    .text               mf_w.l(dfixul.o)
    0x08005732   0x00000002   PAD
    0x08005734   0x00000024   Code   RO         1199    .text               mc_w.l(init.o)
    0x08005758   0x0000001e   Code   RO         1201    .text               mc_w.l(llshl.o)
    0x08005776   0x00000020   Code   RO         1203    .text               mc_w.l(llushr.o)
    0x08005796   0x00000024   Code   RO         1205    .text               mc_w.l(llsshr.o)
    0x080057ba   0x00000056   Code   RO         1215    .text               mc_w.l(__dczerorl2.o)
    0x08005810   0x00000020   Code   RO         1131    i.__0printf         mc_w.l(printfa.o)
    0x08005830   0x00000028   Code   RO         1133    i.__0sprintf        mc_w.l(printfa.o)
    0x08005858   0x00000024   Code   RO         1137    i.__0vsprintf       mc_w.l(printfa.o)
    0x0800587c   0x0000000e   Code   RO         1209    i.__scatterload_copy  mc_w.l(handlers.o)
    0x0800588a   0x00000002   Code   RO         1210    i.__scatterload_null  mc_w.l(handlers.o)
    0x0800588c   0x0000000e   Code   RO         1211    i.__scatterload_zeroinit  mc_w.l(handlers.o)
    0x0800589a   0x00000002   PAD
    0x0800589c   0x00000164   Code   RO         1138    i._fp_digits        mc_w.l(printfa.o)
    0x08005a00   0x000006dc   Code   RO         1139    i._printf_core      mc_w.l(printfa.o)
    0x080060dc   0x00000024   Code   RO         1140    i._printf_post_padding  mc_w.l(printfa.o)
    0x08006100   0x0000002e   Code   RO         1141    i._printf_pre_padding  mc_w.l(printfa.o)
    0x0800612e   0x0000000a   Code   RO         1143    i._sputc            mc_w.l(printfa.o)
    0x08006138   0x00000818   Data   RO          257    .constdata          oled_i2c.o
    0x08006950   0x00000020   Data   RO         1207    Region$$Table       anon$$obj.o


    Execution Region RW_IRAM1 (Base: 0x20000000, Size: 0x00000d70, Max: 0x0000c000, ABSOLUTE, COMPRESSED[0x00000300])

    Base Addr    Size         Type   Attr      Idx    E Section Name        Object

    0x20000000   0x00000019   Data   RW            3    .data               main.o
    0x20000019   0x00000003   PAD
    0x2000001c   0x00000014   Data   RW          200    .data               system_stm32f10x.o
    0x20000030   0x00000680   Data   RW          258    .data               oled_i2c.o
    0x200006b0   0x00000002   Data   RW          358    .data               usart2.o
    0x200006b2   0x00000001   Data   RW          422    .data               key.o
    0x200006b3   0x00000001   PAD
    0x200006b4   0x00000004   Data   RW          468    .data               usart3.o
    0x200006b8   0x0000000b   Data   RW          527    .data               read_card.o
    0x200006c3   0x00000001   PAD
    0x200006c4   0x00000004   Data   RW          562    .data               delay.o
    0x200006c8   0x00000014   Data   RW          622    .data               stm32f10x_rcc.o
    0x200006dc   0x00000004   Data   RW         1183    .data               mc_w.l(stdout.o)
    0x200006e0   0x00000032   Zero   RW            2    .bss                main.o
    0x20000712   0x00000006   PAD
    0x20000718   0x00000190   Zero   RW          357    .bss                usart2.o
    0x200008a8   0x000000c8   Zero   RW          467    .bss                usart3.o
    0x20000970   0x00000400   Zero   RW          602    STACK               startup_stm32f10x_hd.o


==============================================================================

Image component sizes


      Code (inc. data)   RO Data    RW Data    ZI Data      Debug   Object Name

       232          8          0          0          0       1103   adc.o
        84         12          0          0          0        665   airfan.o
        56          6          0          0          0        488   beep.o
       212         18          0          4          0       1043   delay.o
       408         12          0          0          0       2142   dht11.o
       104         12          0          0          0        661   fire.o
      1272        412          0          0          0       2832   hc05.o
       108         18          0          0          0        695   hcsr501.o
       184         16          0          1          0        924   key.o
       132         18          0          0          0     214483   led.o
       588        176          0         25         50     271578   main.o
       220         22          0          0          0       1801   misc.o
      1780        268       2072       1664          0       4892   oled_i2c.o
       344         28          0          0          0       1199   pwm.o
       200          8          0          0          0        741   rc522_config.o
      1748          8          0          0          0       7128   rc522_function.o
       344        146          0         11          0       1515   read_card.o
        84         12          0          0          0        655   relay.o
        36          8        304          0       1024        780   startup_stm32f10x_hd.o
      1102         26          0          0          0      11041   stm32f10x_adc.o
       596          8          0          0          0       4362   stm32f10x_dma.o
       860         38          0          0          0       5733   stm32f10x_gpio.o
      1028         16          0          0          0       9223   stm32f10x_i2c.o
        26          0          0          0          0       1178   stm32f10x_it.o
       932         36          0         20          0       8908   stm32f10x_rcc.o
      3610         88          0          0          0      22840   stm32f10x_tim.o
      1032         22          0          0          0       8456   stm32f10x_usart.o
       144          0          0          0          0       1439   syn6288.o
         0          0          0          0          0         32   sys.o
       480         38          0         20          0       1739   system_stm32f10x.o
       148         14          0          0          0        792   timer.o
       456          4          0          0          0       1209   uln2003.o
       628         28          0          2        400       3717   usart2.o
      1316        390          0          4        200       5088   usart3.o

    ----------------------------------------------------------------------
     20498       1916       2408       1756       1680     601082   Object Totals
         0          0         32          0          0          0   (incl. Generated)
         4          0          0          5          6          0   (incl. Padding)

    ----------------------------------------------------------------------

      Code (inc. data)   RO Data    RW Data    ZI Data      Debug   Library Member Name

        86          0          0          0          0          0   __dczerorl2.o
         0          0          0          0          0          0   entry.o
         0          0          0          0          0          0   entry10a.o
         0          0          0          0          0          0   entry11a.o
         8          4          0          0          0          0   entry2.o
         4          0          0          0          0          0   entry5.o
         0          0          0          0          0          0   entry7b.o
         0          0          0          0          0          0   entry8b.o
         8          4          0          0          0          0   entry9a.o
        30          0          0          0          0          0   handlers.o
        36          8          0          0          0         68   init.o
         0          0          0          0          0          0   iusefp.o
        30          0          0          0          0         68   llshl.o
        36          0          0          0          0         68   llsshr.o
        32          0          0          0          0         68   llushr.o
        36          0          0          0          0         68   memcpya.o
      2312        102          0          0          0        676   printfa.o
         0          0          0          4          0          0   stdout.o
        28          0          0          0          0         76   strcmp.o
        14          0          0          0          0         68   strlen.o
        44          0          0          0          0         80   uidiv.o
        98          0          0          0          0         92   uldiv.o
        48          0          0          0          0         68   cdrcmple.o
        56          0          0          0          0         88   d2f.o
       334          0          0          0          0        148   dadd.o
       222          0          0          0          0        100   ddiv.o
       186          0          0          0          0        176   depilogue.o
        48          0          0          0          0         68   dfixul.o
       228          0          0          0          0         96   dmul.o
        38          0          0          0          0         68   f2d.o
       110          0          0          0          0        168   fepilogue.o
        10          0          0          0          0         68   ffltui.o

    ----------------------------------------------------------------------
      4086        118          0          4          0       2380   Library Totals
         4          0          0          0          0          0   (incl. Padding)

    ----------------------------------------------------------------------

      Code (inc. data)   RO Data    RW Data    ZI Data      Debug   Library Name

      2802        118          0          4          0       1332   mc_w.l
      1280          0          0          0          0       1048   mf_w.l

    ----------------------------------------------------------------------
      4086        118          0          4          0       2380   Library Totals

    ----------------------------------------------------------------------

==============================================================================


      Code (inc. data)   RO Data    RW Data    ZI Data      Debug   

     24584       2034       2408       1760       1680     599846   Grand Totals
     24584       2034       2408        768       1680     599846   ELF Image Totals (compressed)
     24584       2034       2408        768          0          0   ROM Totals

==============================================================================

    Total RO  Size (Code + RO Data)                26992 (  26.36kB)
    Total RW  Size (RW Data + ZI Data)              3440 (   3.36kB)
    Total ROM Size (Code + RO Data + RW Data)      27760 (  27.11kB)

==============================================================================

